Feb  2 14:34:17 cu-cs-vm anacron[903]: Job `cron.daily' terminated
Feb  2 14:34:17 cu-cs-vm anacron[903]: Normal exit (1 job run)
Feb  2 14:39:12 cu-cs-vm uptimed: moving up to position 10: 0 days, 00:10:05
Feb  2 14:44:48 cu-cs-vm systemd[1]: Starting Cleanup of Temporary Directories...
Feb  2 14:44:48 cu-cs-vm systemd-tmpfiles[2535]: [/usr/lib/tmpfiles.d/var.conf:14] Duplicate line for path "/var/log", ignoring.
Feb  2 14:44:48 cu-cs-vm systemd[1]: Started Cleanup of Temporary Directories.
Feb  2 14:49:12 cu-cs-vm uptimed: moving up to position 6: 0 days, 00:20:05
Feb  2 15:09:12 cu-cs-vm uptimed: moving up to position 4: 0 days, 00:40:05
Feb  2 17:19:51 cu-cs-vm rsyslogd: [origin software="rsyslogd" swVersion="8.16.0" x-pid="765" x-info="http://www.rsyslog.com"] start
Feb  2 17:19:51 cu-cs-vm rsyslogd-2222: command 'KLogPermitNonKernelFacility' is currently not permitted - did you already set it via a RainerScript command (v6+ config)? [v8.16.0 try http://www.rsyslog.com/e/2222 ]
Feb  2 17:19:51 cu-cs-vm rsyslogd: rsyslogd's groupid changed to 108
Feb  2 17:19:51 cu-cs-vm rsyslogd: rsyslogd's userid changed to 104
Feb  2 17:19:51 cu-cs-vm rsyslogd-2039: Could not open output pipe '/dev/xconsole':: No such file or directory [v8.16.0 try http://www.rsyslog.com/e/2039 ]
Feb  2 17:19:51 cu-cs-vm rsyslogd-2007: action 'action 10' suspended, next retry is Thu Feb  2 17:20:21 2017 [v8.16.0 try http://www.rsyslog.com/e/2007 ]
Feb  2 17:19:51 cu-cs-vm systemd-modules-load[235]: Inserted module 'lp'
Feb  2 17:19:51 cu-cs-vm systemd-modules-load[235]: Inserted module 'ppdev'
Feb  2 17:19:51 cu-cs-vm loadkeys[232]: Loading /etc/console-setup/cached.kmap.gz
Feb  2 17:19:51 cu-cs-vm systemd-modules-load[235]: Inserted module 'parport_pc'
Feb  2 17:19:51 cu-cs-vm systemd[1]: Started Set console keymap.
Feb  2 17:19:51 cu-cs-vm systemd[1]: Mounting FUSE Control File System...
Feb  2 17:19:51 cu-cs-vm systemd[1]: Starting Apply Kernel Variables...
Feb  2 17:19:51 cu-cs-vm systemd[1]: Starting Create Static Device Nodes in /dev...
Feb  2 17:19:51 cu-cs-vm systemd[1]: Mounted FUSE Control File System.
Feb  2 17:19:51 cu-cs-vm systemd[1]: Started Apply Kernel Variables.
Feb  2 17:19:51 cu-cs-vm systemd[1]: Started Create Static Device Nodes in /dev.
Feb  2 17:19:51 cu-cs-vm systemd[1]: Starting udev Kernel Device Manager...
Feb  2 17:19:51 cu-cs-vm systemd[1]: Started udev Kernel Device Manager.
Feb  2 17:19:51 cu-cs-vm systemd[1]: Starting Remount Root and Kernel File Systems...
Feb  2 17:19:51 cu-cs-vm systemd[1]: Started Remount Root and Kernel File Systems.
Feb  2 17:19:51 cu-cs-vm systemd[1]: Starting Load/Save Random Seed...
Feb  2 17:19:51 cu-cs-vm systemd[1]: Starting Flush Journal to Persistent Storage...
Feb  2 17:19:51 cu-cs-vm systemd[1]: Reached target Local File Systems (Pre).
Feb  2 17:19:51 cu-cs-vm systemd[1]: Starting udev Coldplug all Devices...
Feb  2 17:19:51 cu-cs-vm systemd[1]: Started Load/Save Random Seed.
Feb  2 17:19:51 cu-cs-vm systemd[1]: Started Flush Journal to Persistent Storage.
Feb  2 17:19:51 cu-cs-vm kernel: [    0.000000] Initializing cgroup subsys cpuset
Feb  2 17:19:51 cu-cs-vm kernel: [    0.000000] Initializing cgroup subsys cpu
Feb  2 17:19:51 cu-cs-vm kernel: [    0.000000] Initializing cgroup subsys cpuacct
Feb  2 17:19:51 cu-cs-vm kernel: [    0.000000] Linux version 4.4.35mkkernel (root@cu-cs-vm) (gcc version 5.4.0 20160609 (Ubuntu 5.4.0-6ubuntu1~16.04.4) ) #3 SMP Thu Feb 2 14:24:52 MST 2017 (Ubuntu 4.4.0-59.80-generic 4.4.35)
Feb  2 17:19:51 cu-cs-vm kernel: [    0.000000] Command line: BOOT_IMAGE=/@/boot/vmlinuz-4.4.35mkkernel root=UUID=cdc63320-d9b3-4941-85c9-01e6f9786fb3 ro rootflags=subvol=@ crashkernel=384M-:128M
Feb  2 17:19:51 cu-cs-vm kernel: [    0.000000] KERNEL supported cpus:
Feb  2 17:19:51 cu-cs-vm kernel: [    0.000000]   Intel GenuineIntel
Feb  2 17:19:51 cu-cs-vm kernel: [    0.000000]   AMD AuthenticAMD
Feb  2 17:19:51 cu-cs-vm kernel: [    0.000000]   Centaur CentaurHauls
Feb  2 17:19:51 cu-cs-vm kernel: [    0.000000] ------------[ cut here ]------------
Feb  2 17:19:51 cu-cs-vm kernel: [    0.000000] WARNING: CPU: 0 PID: 0 at arch/x86/kernel/fpu/xstate.c:517 fpu__init_system_xstate+0x38b/0x75a()
Feb  2 17:19:51 cu-cs-vm kernel: [    0.000000] XSAVE consistency problem, dumping leaves
Feb  2 17:19:51 cu-cs-vm kernel: [    0.000000] Modules linked in:
Feb  2 17:19:51 cu-cs-vm kernel: [    0.000000] CPU: 0 PID: 0 Comm: swapper Not tainted 4.4.35mkkernel #3
Feb  2 17:19:51 cu-cs-vm kernel: [    0.000000]  0000000000000086 ce4e21afdf55702b ffffffff81e03d80 ffffffff813f01f3
Feb  2 17:19:51 cu-cs-vm kernel: [    0.000000]  ffffffff81e03dc8 ffffffff81c9b34f ffffffff81e03db8 ffffffff81081232
Feb  2 17:19:51 cu-cs-vm kernel: [    0.000000]  ffffffff81e03e48 ffffffff81e03e4c 0000000000000008 0000000000000100
Feb  2 17:19:51 cu-cs-vm kernel: [    0.000000] Call Trace:
Feb  2 17:19:51 cu-cs-vm kernel: [    0.000000]  [<ffffffff813f01f3>] dump_stack+0x63/0x90
Feb  2 17:19:51 cu-cs-vm kernel: [    0.000000]  [<ffffffff81081232>] warn_slowpath_common+0x82/0xc0
Feb  2 17:19:51 cu-cs-vm kernel: [    0.000000]  [<ffffffff810812cc>] warn_slowpath_fmt+0x5c/0x80
Feb  2 17:19:51 cu-cs-vm kernel: [    0.000000]  [<ffffffff8107ceec>] ? xfeature_size+0x59/0x77
Feb  2 17:19:51 cu-cs-vm kernel: [    0.000000]  [<ffffffff81f6a075>] fpu__init_system_xstate+0x38b/0x75a
Feb  2 17:19:51 cu-cs-vm kernel: [    0.000000]  [<ffffffff81f59120>] ? early_idt_handler_array+0x120/0x120
Feb  2 17:19:51 cu-cs-vm kernel: [    0.000000]  [<ffffffff81f699e0>] fpu__init_system+0x10d/0x245
Feb  2 17:19:51 cu-cs-vm kernel: [    0.000000]  [<ffffffff81f6aae9>] early_cpu_init+0x139/0x13e
Feb  2 17:19:51 cu-cs-vm kernel: [    0.000000]  [<ffffffff81f6aae9>] ? early_cpu_init+0x139/0x13e
Feb  2 17:19:51 cu-cs-vm kernel: [    0.000000]  [<ffffffff81f65fc3>] setup_arch+0xb4/0xd1e
Feb  2 17:19:51 cu-cs-vm kernel: [    0.000000]  [<ffffffff81f59120>] ? early_idt_handler_array+0x120/0x120
Feb  2 17:19:51 cu-cs-vm kernel: [    0.000000]  [<ffffffff81f59c74>] start_kernel+0xe4/0x4a2
Feb  2 17:19:51 cu-cs-vm kernel: [    0.000000]  [<ffffffff81f59120>] ? early_idt_handler_array+0x120/0x120
Feb  2 17:19:51 cu-cs-vm kernel: [    0.000000]  [<ffffffff81f59339>] x86_64_start_reservations+0x2a/0x2c
Feb  2 17:19:51 cu-cs-vm kernel: [    0.000000]  [<ffffffff81f59485>] x86_64_start_kernel+0x14a/0x16d
Feb  2 17:19:51 cu-cs-vm kernel: [    0.000000] ---[ end trace 4d5ff9f2f68c4233 ]---
Feb  2 17:19:51 cu-cs-vm kernel: [    0.000000] CPUID[0d, 00]: eax=00000007 ebx=00000440 ecx=00000440 edx=00000000
Feb  2 17:19:51 cu-cs-vm kernel: [    0.000000] CPUID[0d, 01]: eax=00000000 ebx=000003c0 ecx=00000000 edx=00000000
Feb  2 17:19:51 cu-cs-vm kernel: [    0.000000] CPUID[0d, 02]: eax=00000100 ebx=00000240 ecx=00000000 edx=00000000
Feb  2 17:19:51 cu-cs-vm kernel: [    0.000000] CPUID[0d, 03]: eax=00000000 ebx=00000000 ecx=00000000 edx=00000000
Feb  2 17:19:51 cu-cs-vm kernel: [    0.000000] CPUID[0d, 04]: eax=00000000 ebx=00000000 ecx=00000000 edx=00000000
Feb  2 17:19:51 cu-cs-vm kernel: [    0.000000] CPUID[0d, 05]: eax=00000000 ebx=00000000 ecx=00000000 edx=00000000
Feb  2 17:19:51 cu-cs-vm kernel: [    0.000000] CPUID[0d, 06]: eax=00000000 ebx=00000000 ecx=00000000 edx=00000000
Feb  2 17:19:51 cu-cs-vm kernel: [    0.000000] CPUID[0d, 07]: eax=00000000 ebx=00000000 ecx=00000000 edx=00000000
Feb  2 17:19:51 cu-cs-vm kernel: [    0.000000] CPUID[0d, 08]: eax=00000000 ebx=00000000 ecx=00000000 edx=00000000
Feb  2 17:19:51 cu-cs-vm kernel: [    0.000000] CPUID[0d, 09]: eax=00000000 ebx=00000000 ecx=00000000 edx=00000000
Feb  2 17:19:51 cu-cs-vm kernel: [    0.000000] CPUID[0d, 0a]: eax=00000000 ebx=00000000 ecx=00000000 edx=00000000
Feb  2 17:19:51 cu-cs-vm kernel: [    0.000000] CPUID[0d, 0b]: eax=00000000 ebx=00000000 ecx=00000000 edx=00000000
Feb  2 17:19:51 cu-cs-vm kernel: [    0.000000] CPUID[0d, 0c]: eax=00000000 ebx=00000000 ecx=00000000 edx=00000000
Feb  2 17:19:51 cu-cs-vm kernel: [    0.000000] CPUID[0d, 0d]: eax=00000000 ebx=00000000 ecx=00000000 edx=00000000
Feb  2 17:19:51 cu-cs-vm kernel: [    0.000000] CPUID[0d, 0e]: eax=00000000 ebx=00000000 ecx=00000000 edx=00000000
Feb  2 17:19:51 cu-cs-vm kernel: [    0.000000] CPUID[0d, 0f]: eax=00000000 ebx=00000000 ecx=00000000 edx=00000000
Feb  2 17:19:51 cu-cs-vm kernel: [    0.000000] CPUID[0d, 10]: eax=00000000 ebx=00000000 ecx=00000000 edx=00000000
Feb  2 17:19:51 cu-cs-vm kernel: [    0.000000] CPUID[0d, 11]: eax=00000000 ebx=00000000 ecx=00000000 edx=00000000
Feb  2 17:19:51 cu-cs-vm kernel: [    0.000000] x86/fpu: xstate_offset[2]:  576, xstate_sizes[2]:  256
Feb  2 17:19:51 cu-cs-vm kernel: [    0.000000] x86/fpu: Supporting XSAVE feature 0x01: 'x87 floating point registers'
Feb  2 17:19:51 cu-cs-vm kernel: [    0.000000] x86/fpu: Supporting XSAVE feature 0x02: 'SSE registers'
Feb  2 17:19:51 cu-cs-vm kernel: [    0.000000] x86/fpu: Supporting XSAVE feature 0x04: 'AVX registers'
Feb  2 17:19:51 cu-cs-vm kernel: [    0.000000] x86/fpu: Enabled xstate features 0x7, context size is 1088 bytes, using 'standard' format.
Feb  2 17:19:51 cu-cs-vm kernel: [    0.000000] x86/fpu: Using 'lazy' FPU context switches.
Feb  2 17:19:51 cu-cs-vm kernel: [    0.000000] e820: BIOS-provided physical RAM map:
Feb  2 17:19:51 cu-cs-vm kernel: [    0.000000] BIOS-e820: [mem 0x0000000000000000-0x000000000009fbff] usable
Feb  2 17:19:51 cu-cs-vm kernel: [    0.000000] BIOS-e820: [mem 0x000000000009fc00-0x000000000009ffff] reserved
Feb  2 17:19:51 cu-cs-vm kernel: [    0.000000] BIOS-e820: [mem 0x00000000000f0000-0x00000000000fffff] reserved
Feb  2 17:19:51 cu-cs-vm kernel: [    0.000000] BIOS-e820: [mem 0x0000000000100000-0x000000007ffeffff] usable
Feb  2 17:19:51 cu-cs-vm kernel: [    0.000000] BIOS-e820: [mem 0x000000007fff0000-0x000000007fffffff] ACPI data
Feb  2 17:19:51 cu-cs-vm kernel: [    0.000000] BIOS-e820: [mem 0x00000000fec00000-0x00000000fec00fff] reserved
Feb  2 17:19:51 cu-cs-vm kernel: [    0.000000] BIOS-e820: [mem 0x00000000fee00000-0x00000000fee00fff] reserved
Feb  2 17:19:51 cu-cs-vm kernel: [    0.000000] BIOS-e820: [mem 0x00000000fffc0000-0x00000000ffffffff] reserved
Feb  2 17:19:51 cu-cs-vm kernel: [    0.000000] NX (Execute Disable) protection: active
Feb  2 17:19:51 cu-cs-vm kernel: [    0.000000] SMBIOS 2.5 present.
Feb  2 17:19:51 cu-cs-vm kernel: [    0.000000] DMI: innotek GmbH VirtualBox/VirtualBox, BIOS VirtualBox 12/01/2006
Feb  2 17:19:51 cu-cs-vm kernel: [    0.000000] Hypervisor detected: KVM
Feb  2 17:19:51 cu-cs-vm kernel: [    0.000000] e820: update [mem 0x00000000-0x00000fff] usable ==> reserved
Feb  2 17:19:51 cu-cs-vm kernel: [    0.000000] e820: remove [mem 0x000a0000-0x000fffff] usable
Feb  2 17:19:51 cu-cs-vm kernel: [    0.000000] e820: last_pfn = 0x7fff0 max_arch_pfn = 0x400000000
Feb  2 17:19:51 cu-cs-vm kernel: [    0.000000] MTRR default type: uncachable
Feb  2 17:19:51 cu-cs-vm kernel: [    0.000000] MTRR variable ranges disabled:
Feb  2 17:19:51 cu-cs-vm kernel: [    0.000000] MTRR: Disabled
Feb  2 17:19:51 cu-cs-vm kernel: [    0.000000] x86/PAT: MTRRs disabled, skipping PAT initialization too.
Feb  2 17:19:51 cu-cs-vm kernel: [    0.000000] x86/PAT: Configuration [0-7]: WB  WT  UC- UC  WB  WT  UC- UC  
Feb  2 17:19:51 cu-cs-vm kernel: [    0.000000] CPU MTRRs all blank - virtualized system.
Feb  2 17:19:51 cu-cs-vm kernel: [    0.000000] found SMP MP-table at [mem 0x0009fff0-0x0009ffff] mapped at [ffff88000009fff0]
Feb  2 17:19:51 cu-cs-vm kernel: [    0.000000] Scanning 1 areas for low memory corruption
Feb  2 17:19:51 cu-cs-vm kernel: [    0.000000] Base memory trampoline at [ffff880000099000] 99000 size 24576
Feb  2 17:19:51 cu-cs-vm kernel: [    0.000000] BRK [0x02205000, 0x02205fff] PGTABLE
Feb  2 17:19:51 cu-cs-vm kernel: [    0.000000] BRK [0x02206000, 0x02206fff] PGTABLE
Feb  2 17:19:51 cu-cs-vm kernel: [    0.000000] BRK [0x02207000, 0x02207fff] PGTABLE
Feb  2 17:19:51 cu-cs-vm kernel: [    0.000000] BRK [0x02208000, 0x02208fff] PGTABLE
Feb  2 17:19:51 cu-cs-vm kernel: [    0.000000] BRK [0x02209000, 0x02209fff] PGTABLE
Feb  2 17:19:51 cu-cs-vm kernel: [    0.000000] RAMDISK: [mem 0x323c6000-0x351dafff]
Feb  2 17:19:51 cu-cs-vm kernel: [    0.000000] ACPI: Early table checksum verification disabled
Feb  2 17:19:51 cu-cs-vm kernel: [    0.000000] ACPI: RSDP 0x00000000000E0000 000024 (v02 VBOX  )
Feb  2 17:19:51 cu-cs-vm kernel: [    0.000000] ACPI: XSDT 0x000000007FFF0040 00004C (v01 VBOX   VBOXXSDT 00000001 ASL  00000061)
Feb  2 17:19:51 cu-cs-vm kernel: [    0.000000] ACPI: FACP 0x000000007FFF0110 0000F4 (v04 VBOX   VBOXFACP 00000001 ASL  00000061)
Feb  2 17:19:51 cu-cs-vm kernel: [    0.000000] ACPI: DSDT 0x000000007FFF0530 00210F (v01 VBOX   VBOXBIOS 00000002 INTL 20100528)
Feb  2 17:19:51 cu-cs-vm kernel: [    0.000000] ACPI: FACS 0x000000007FFF0240 000040
Feb  2 17:19:51 cu-cs-vm kernel: [    0.000000] ACPI: FACS 0x000000007FFF0240 000040
Feb  2 17:19:51 cu-cs-vm kernel: [    0.000000] ACPI: APIC 0x000000007FFF0280 00005C (v02 VBOX   VBOXAPIC 00000001 ASL  00000061)
Feb  2 17:19:51 cu-cs-vm kernel: [    0.000000] ACPI: HPET 0x000000007FFF02E0 000038 (v01 VBOX   VBOXHPET 00000001 ASL  00000061)
Feb  2 17:19:51 cu-cs-vm kernel: [    0.000000] ACPI: MCFG 0x000000007FFF0320 00003C (v01 VBOX   VBOXMCFG 00000001 ASL  00000061)
Feb  2 17:19:51 cu-cs-vm kernel: [    0.000000] ACPI: SSDT 0x000000007FFF0360 0001CC (v01 VBOX   VBOXCPUT 00000002 INTL 20100528)
Feb  2 17:19:51 cu-cs-vm kernel: [    0.000000] ACPI: Local APIC address 0xfee00000
Feb  2 17:19:51 cu-cs-vm kernel: [    0.000000] No NUMA configuration found
Feb  2 17:19:51 cu-cs-vm kernel: [    0.000000] Faking a node at [mem 0x0000000000000000-0x000000007ffeffff]
Feb  2 17:19:51 cu-cs-vm kernel: [    0.000000] NODE_DATA(0) allocated [mem 0x7ffeb000-0x7ffeffff]
Feb  2 17:19:51 cu-cs-vm kernel: [    0.000000] Reserving 128MB of memory at 672MB for crashkernel (System RAM: 2047MB)
Feb  2 17:19:51 cu-cs-vm kernel: [    0.000000] kvm-clock: Using msrs 4b564d01 and 4b564d00
Feb  2 17:19:51 cu-cs-vm kernel: [    0.000000] kvm-clock: cpu 0, msr 0:7ffe3001, primary cpu clock
Feb  2 17:19:51 cu-cs-vm kernel: [    0.000000] kvm-clock: using sched offset of 8305118811 cycles
Feb  2 17:19:51 cu-cs-vm systemd[1]: Started udev Coldplug all Devices.
Feb  2 17:19:51 cu-cs-vm systemd[1]: Started Dispatch Password Requests to Console Directory Watch.
Feb  2 17:19:51 cu-cs-vm mtp-probe: checking bus 1, device 2: "/sys/devices/pci0000:00/0000:00:1f.4/usb1/1-1"
Feb  2 17:19:51 cu-cs-vm mtp-probe: bus: 1, device: 2 was not an MTP device
Feb  2 17:19:51 cu-cs-vm systemd-udevd[337]: Process '/lib/udev/hdparm' failed with exit code 5.
Feb  2 17:19:51 cu-cs-vm systemd[1]: Listening on Load/Save RF Kill Switch Status /dev/rfkill Watch.
Feb  2 17:19:51 cu-cs-vm systemd[1]: Found device VBOX_HARDDISK 1.
Feb  2 17:19:51 cu-cs-vm systemd[1]: Starting File System Check on /dev/disk/by-uuid/cdc63320-d9b3-4941-85c9-01e6f9786fb3...
Feb  2 17:19:51 cu-cs-vm systemd[1]: Started File System Check Daemon to report status.
Feb  2 17:19:51 cu-cs-vm systemd[1]: Started File System Check on /dev/disk/by-uuid/cdc63320-d9b3-4941-85c9-01e6f9786fb3.
Feb  2 17:19:51 cu-cs-vm systemd[1]: Mounting /home...
Feb  2 17:19:51 cu-cs-vm systemd[1]: Mounted /home.
Feb  2 17:19:51 cu-cs-vm systemd[1]: Reached target Local File Systems.
Feb  2 17:19:51 cu-cs-vm systemd[1]: Starting Set console font and keymap...
Feb  2 17:19:51 cu-cs-vm systemd[1]: Starting Create Volatile Files and Directories...
Feb  2 17:19:51 cu-cs-vm systemd[1]: Starting Tell Plymouth To Write Out Runtime Data...
Feb  2 17:19:51 cu-cs-vm systemd[1]: Starting LSB: AppArmor initialization...
Feb  2 17:19:51 cu-cs-vm systemd[1]: Starting Enable support for additional executable binary formats...
Feb  2 17:19:51 cu-cs-vm systemd-tmpfiles[576]: [/usr/lib/tmpfiles.d/var.conf:14] Duplicate line for path "/var/log", ignoring.
Feb  2 17:19:51 cu-cs-vm systemd[1]: Started Tell Plymouth To Write Out Runtime Data.
Feb  2 17:19:51 cu-cs-vm systemd[1]: Started Create Volatile Files and Directories.
Feb  2 17:19:51 cu-cs-vm systemd[1]: proc-sys-fs-binfmt_misc.automount: Got automount request for /proc/sys/fs/binfmt_misc, triggered by 580 (update-binfmts)
Feb  2 17:19:51 cu-cs-vm systemd[1]: Mounting Arbitrary Executable File Formats File System...
Feb  2 17:19:51 cu-cs-vm apparmor[578]:  * Starting AppArmor profiles
Feb  2 17:19:51 cu-cs-vm systemd[1]: Reached target System Time Synchronized.
Feb  2 17:19:51 cu-cs-vm systemd[1]: Starting Update UTMP about System Boot/Shutdown...
Feb  2 17:19:51 cu-cs-vm systemd[1]: Mounted Arbitrary Executable File Formats File System.
Feb  2 17:19:51 cu-cs-vm systemd[1]: Started Enable support for additional executable binary formats.
Feb  2 17:19:51 cu-cs-vm systemd[1]: Started Update UTMP about System Boot/Shutdown.
Feb  2 17:19:51 cu-cs-vm systemd[1]: Reached target Sound Card.
Feb  2 17:19:51 cu-cs-vm apparmor[578]: Skipping profile in /etc/apparmor.d/disable: usr.bin.firefox
Feb  2 17:19:51 cu-cs-vm systemd[1]: Started Set console font and keymap.
Feb  2 17:19:51 cu-cs-vm systemd[1]: Created slice system-getty.slice.
Feb  2 17:19:51 cu-cs-vm apparmor[578]: Skipping profile in /etc/apparmor.d/disable: usr.sbin.rsyslogd
Feb  2 17:19:51 cu-cs-vm apparmor[578]:    ...done.
Feb  2 17:19:51 cu-cs-vm systemd[1]: Started LSB: AppArmor initialization.
Feb  2 17:19:51 cu-cs-vm systemd[1]: Starting Raise network interfaces...
Feb  2 17:19:51 cu-cs-vm systemd[1]: Reached target System Initialization.
Feb  2 17:19:51 cu-cs-vm kernel: [    0.000000] clocksource: kvm-clock: mask: 0xffffffffffffffff max_cycles: 0x1cd42e4dffb, max_idle_ns: 881590591483 ns
Feb  2 17:19:51 cu-cs-vm kernel: [    0.000000] Zone ranges:
Feb  2 17:19:51 cu-cs-vm kernel: [    0.000000]   DMA      [mem 0x0000000000001000-0x0000000000ffffff]
Feb  2 17:19:51 cu-cs-vm kernel: [    0.000000]   DMA32    [mem 0x0000000001000000-0x000000007ffeffff]
Feb  2 17:19:51 cu-cs-vm kernel: [    0.000000]   Normal   empty
Feb  2 17:19:51 cu-cs-vm kernel: [    0.000000]   Device   empty
Feb  2 17:19:51 cu-cs-vm kernel: [    0.000000] Movable zone start for each node
Feb  2 17:19:51 cu-cs-vm kernel: [    0.000000] Early memory node ranges
Feb  2 17:19:51 cu-cs-vm kernel: [    0.000000]   node   0: [mem 0x0000000000001000-0x000000000009efff]
Feb  2 17:19:51 cu-cs-vm kernel: [    0.000000]   node   0: [mem 0x0000000000100000-0x000000007ffeffff]
Feb  2 17:19:51 cu-cs-vm kernel: [    0.000000] Initmem setup node 0 [mem 0x0000000000001000-0x000000007ffeffff]
Feb  2 17:19:51 cu-cs-vm kernel: [    0.000000] On node 0 totalpages: 524174
Feb  2 17:19:51 cu-cs-vm kernel: [    0.000000]   DMA zone: 64 pages used for memmap
Feb  2 17:19:51 cu-cs-vm kernel: [    0.000000]   DMA zone: 21 pages reserved
Feb  2 17:19:51 cu-cs-vm kernel: [    0.000000]   DMA zone: 3998 pages, LIFO batch:0
Feb  2 17:19:51 cu-cs-vm kernel: [    0.000000]   DMA32 zone: 8128 pages used for memmap
Feb  2 17:19:51 cu-cs-vm kernel: [    0.000000]   DMA32 zone: 520176 pages, LIFO batch:31
Feb  2 17:19:51 cu-cs-vm kernel: [    0.000000] ACPI: PM-Timer IO Port: 0x4008
Feb  2 17:19:51 cu-cs-vm kernel: [    0.000000] ACPI: Local APIC address 0xfee00000
Feb  2 17:19:51 cu-cs-vm kernel: [    0.000000] IOAPIC[0]: apic_id 2, version 32, address 0xfec00000, GSI 0-23
Feb  2 17:19:51 cu-cs-vm kernel: [    0.000000] ACPI: INT_SRC_OVR (bus 0 bus_irq 0 global_irq 2 dfl dfl)
Feb  2 17:19:51 cu-cs-vm kernel: [    0.000000] ACPI: INT_SRC_OVR (bus 0 bus_irq 9 global_irq 9 high level)
Feb  2 17:19:51 cu-cs-vm kernel: [    0.000000] ACPI: IRQ0 used by override.
Feb  2 17:19:51 cu-cs-vm kernel: [    0.000000] ACPI: IRQ9 used by override.
Feb  2 17:19:51 cu-cs-vm kernel: [    0.000000] Using ACPI (MADT) for SMP configuration information
Feb  2 17:19:51 cu-cs-vm kernel: [    0.000000] ACPI: HPET id: 0x8086a201 base: 0xfed00000
Feb  2 17:19:51 cu-cs-vm kernel: [    0.000000] smpboot: Allowing 2 CPUs, 0 hotplug CPUs
Feb  2 17:19:51 cu-cs-vm kernel: [    0.000000] PM: Registered nosave memory: [mem 0x00000000-0x00000fff]
Feb  2 17:19:51 cu-cs-vm kernel: [    0.000000] PM: Registered nosave memory: [mem 0x0009f000-0x0009ffff]
Feb  2 17:19:51 cu-cs-vm kernel: [    0.000000] PM: Registered nosave memory: [mem 0x000a0000-0x000effff]
Feb  2 17:19:51 cu-cs-vm kernel: [    0.000000] PM: Registered nosave memory: [mem 0x000f0000-0x000fffff]
Feb  2 17:19:51 cu-cs-vm kernel: [    0.000000] e820: [mem 0x80000000-0xfebfffff] available for PCI devices
Feb  2 17:19:51 cu-cs-vm kernel: [    0.000000] Booting paravirtualized kernel on KVM
Feb  2 17:19:51 cu-cs-vm kernel: [    0.000000] clocksource: refined-jiffies: mask: 0xffffffff max_cycles: 0xffffffff, max_idle_ns: 7645519600211568 ns
Feb  2 17:19:51 cu-cs-vm kernel: [    0.000000] setup_percpu: NR_CPUS:512 nr_cpumask_bits:512 nr_cpu_ids:2 nr_node_ids:1
Feb  2 17:19:51 cu-cs-vm kernel: [    0.000000] PERCPU: Embedded 33 pages/cpu @ffff88007fc00000 s98200 r8192 d28776 u1048576
Feb  2 17:19:51 cu-cs-vm kernel: [    0.000000] pcpu-alloc: s98200 r8192 d28776 u1048576 alloc=1*2097152
Feb  2 17:19:51 cu-cs-vm kernel: [    0.000000] pcpu-alloc: [0] 0 1 
Feb  2 17:19:51 cu-cs-vm kernel: [    0.000000] PV qspinlock hash table entries: 256 (order: 0, 4096 bytes)
Feb  2 17:19:51 cu-cs-vm kernel: [    0.000000] Built 1 zonelists in Node order, mobility grouping on.  Total pages: 515961
Feb  2 17:19:51 cu-cs-vm kernel: [    0.000000] Policy zone: DMA32
Feb  2 17:19:51 cu-cs-vm kernel: [    0.000000] Kernel command line: BOOT_IMAGE=/@/boot/vmlinuz-4.4.35mkkernel root=UUID=cdc63320-d9b3-4941-85c9-01e6f9786fb3 ro rootflags=subvol=@ crashkernel=384M-:128M
Feb  2 17:19:51 cu-cs-vm kernel: [    0.000000] PID hash table entries: 4096 (order: 3, 32768 bytes)
Feb  2 17:19:51 cu-cs-vm kernel: [    0.000000] Calgary: detecting Calgary via BIOS EBDA area
Feb  2 17:19:51 cu-cs-vm kernel: [    0.000000] Calgary: Unable to locate Rio Grande table in EBDA - bailing!
Feb  2 17:19:51 cu-cs-vm kernel: [    0.000000] Memory: 1866536K/2096696K available (8251K kernel code, 1277K rwdata, 3808K rodata, 1480K init, 1316K bss, 230160K reserved, 0K cma-reserved)
Feb  2 17:19:51 cu-cs-vm kernel: [    0.000000] SLUB: HWalign=64, Order=0-3, MinObjects=0, CPUs=2, Nodes=1
Feb  2 17:19:51 cu-cs-vm kernel: [    0.000000] Hierarchical RCU implementation.
Feb  2 17:19:51 cu-cs-vm kernel: [    0.000000] 	Build-time adjustment of leaf fanout to 64.
Feb  2 17:19:51 cu-cs-vm kernel: [    0.000000] 	RCU restricting CPUs from NR_CPUS=512 to nr_cpu_ids=2.
Feb  2 17:19:51 cu-cs-vm kernel: [    0.000000] RCU: Adjusting geometry for rcu_fanout_leaf=64, nr_cpu_ids=2
Feb  2 17:19:51 cu-cs-vm kernel: [    0.000000] NR_IRQS:33024 nr_irqs:440 16
Feb  2 17:19:51 cu-cs-vm kernel: [    0.000000] Console: colour VGA+ 80x25
Feb  2 17:19:51 cu-cs-vm kernel: [    0.000000] console [tty0] enabled
Feb  2 17:19:51 cu-cs-vm kernel: [    0.000000] clocksource: hpet: mask: 0xffffffff max_cycles: 0xffffffff, max_idle_ns: 133484882848 ns
Feb  2 17:19:51 cu-cs-vm kernel: [    0.000000] hpet clockevent registered
Feb  2 17:19:51 cu-cs-vm kernel: [    0.000000] tsc: Detected 2592.000 MHz processor
Feb  2 17:19:51 cu-cs-vm kernel: [    0.106367] Calibrating delay loop (skipped) preset value.. 5184.00 BogoMIPS (lpj=10368000)
Feb  2 17:19:51 cu-cs-vm kernel: [    0.107075] pid_max: default: 32768 minimum: 301
Feb  2 17:19:51 cu-cs-vm kernel: [    0.107410] ACPI: Core revision 20150930
Feb  2 17:19:51 cu-cs-vm kernel: [    0.108553] ACPI: 2 ACPI AML tables successfully acquired and loaded
Feb  2 17:19:51 cu-cs-vm kernel: [    0.109012] Security Framework initialized
Feb  2 17:19:51 cu-cs-vm kernel: [    0.109321] Yama: becoming mindful.
Feb  2 17:19:51 cu-cs-vm kernel: [    0.109688] AppArmor: AppArmor initialized
Feb  2 17:19:51 cu-cs-vm kernel: [    0.110978] Dentry cache hash table entries: 262144 (order: 9, 2097152 bytes)
Feb  2 17:19:51 cu-cs-vm kernel: [    0.111776] Inode-cache hash table entries: 131072 (order: 8, 1048576 bytes)
Feb  2 17:19:51 cu-cs-vm kernel: [    0.112315] Mount-cache hash table entries: 4096 (order: 3, 32768 bytes)
Feb  2 17:19:51 cu-cs-vm kernel: [    0.112714] Mountpoint-cache hash table entries: 4096 (order: 3, 32768 bytes)
Feb  2 17:19:51 cu-cs-vm kernel: [    0.114390] Initializing cgroup subsys io
Feb  2 17:19:51 cu-cs-vm kernel: [    0.114728] Initializing cgroup subsys memory
Feb  2 17:19:51 cu-cs-vm kernel: [    0.115071] Initializing cgroup subsys devices
Feb  2 17:19:51 cu-cs-vm kernel: [    0.115371] Initializing cgroup subsys freezer
Feb  2 17:19:51 cu-cs-vm kernel: [    0.115711] Initializing cgroup subsys net_cls
Feb  2 17:19:51 cu-cs-vm kernel: [    0.116009] Initializing cgroup subsys perf_event
Feb  2 17:19:51 cu-cs-vm kernel: [    0.116352] Initializing cgroup subsys net_prio
Feb  2 17:19:51 cu-cs-vm kernel: [    0.128308] Initializing cgroup subsys hugetlb
Feb  2 17:19:51 cu-cs-vm kernel: [    0.128646] Initializing cgroup subsys pids
Feb  2 17:19:51 cu-cs-vm kernel: [    0.129076] CPU: Physical Processor ID: 0
Feb  2 17:19:51 cu-cs-vm kernel: [    0.129394] CPU: Processor Core ID: 0
Feb  2 17:19:51 cu-cs-vm kernel: [    0.130725] mce: CPU supports 0 MCE banks
Feb  2 17:19:51 cu-cs-vm kernel: [    0.131049] Last level iTLB entries: 4KB 64, 2MB 8, 4MB 8
Feb  2 17:19:51 cu-cs-vm kernel: [    0.131392] Last level dTLB entries: 4KB 64, 2MB 0, 4MB 0, 1GB 4
Feb  2 17:19:51 cu-cs-vm kernel: [    0.133795] Freeing SMP alternatives memory: 28K (ffffffff820b3000 - ffffffff820ba000)
Feb  2 17:19:51 cu-cs-vm kernel: [    0.145234] ftrace: allocating 31311 entries in 123 pages
Feb  2 17:19:51 cu-cs-vm kernel: [    0.187844] smpboot: APIC(0) Converting physical 0 to logical package 0
Feb  2 17:19:51 cu-cs-vm kernel: [    0.188315] smpboot: Max logical packages: 1
Feb  2 17:19:51 cu-cs-vm kernel: [    0.188908] x2apic enabled
Feb  2 17:19:51 cu-cs-vm kernel: [    0.189475] Switched APIC routing to physical x2apic.
Feb  2 17:19:51 cu-cs-vm kernel: [    0.190963] ..TIMER: vector=0x30 apic1=0 pin1=2 apic2=-1 pin2=-1
Feb  2 17:19:51 cu-cs-vm kernel: [    0.297660] smpboot: CPU0: Intel(R) Core(TM) i7-6700HQ CPU @ 2.60GHz (family: 0x6, model: 0x5e, stepping: 0x3)
Feb  2 17:19:51 cu-cs-vm kernel: [    0.298433] Performance Events: unsupported p6 CPU model 94 no PMU driver, software events only.
Feb  2 17:19:51 cu-cs-vm kernel: [    0.299168] KVM setup paravirtual spinlock
Feb  2 17:19:51 cu-cs-vm kernel: [    0.299993] x86: Booting SMP configuration:
Feb  2 17:19:51 cu-cs-vm kernel: [    0.300325] .... node  #0, CPUs:      #1
Feb  2 17:19:51 cu-cs-vm kernel: [    0.300776] kvm-clock: cpu 1, msr 0:7ffe3041, secondary cpu clock
Feb  2 17:19:51 cu-cs-vm kernel: [    0.302192] mce: CPU supports 0 MCE banks
Feb  2 17:19:51 cu-cs-vm kernel: [    0.304247] x86: Booted up 1 node, 2 CPUs
Feb  2 17:19:51 cu-cs-vm kernel: [    0.305819] smpboot: Total of 2 processors activated (10368.00 BogoMIPS)
Feb  2 17:19:51 cu-cs-vm kernel: [    0.307196] devtmpfs: initialized
Feb  2 17:19:51 cu-cs-vm kernel: [    0.308859] evm: security.selinux
Feb  2 17:19:51 cu-cs-vm kernel: [    0.309153] evm: security.SMACK64
Feb  2 17:19:51 cu-cs-vm kernel: [    0.309442] evm: security.SMACK64EXEC
Feb  2 17:19:51 cu-cs-vm kernel: [    0.309740] evm: security.SMACK64TRANSMUTE
Feb  2 17:19:51 cu-cs-vm kernel: [    0.310049] evm: security.SMACK64MMAP
Feb  2 17:19:51 cu-cs-vm kernel: [    0.310392] evm: security.ima
Feb  2 17:19:51 cu-cs-vm kernel: [    0.310711] evm: security.capability
Feb  2 17:19:51 cu-cs-vm kernel: [    0.311200] clocksource: jiffies: mask: 0xffffffff max_cycles: 0xffffffff, max_idle_ns: 7645041785100000 ns
Feb  2 17:19:51 cu-cs-vm kernel: [    0.311990] pinctrl core: initialized pinctrl subsystem
Feb  2 17:19:51 cu-cs-vm kernel: [    0.312463] RTC time:  0:19:46, date: 02/03/17
Feb  2 17:19:51 cu-cs-vm kernel: [    0.312890] NET: Registered protocol family 16
Feb  2 17:19:51 cu-cs-vm kernel: [    0.321485] cpuidle: using governor ladder
Feb  2 17:19:51 cu-cs-vm kernel: [    0.335209] cpuidle: using governor menu
Feb  2 17:19:51 cu-cs-vm kernel: [    0.335604] PCCT header not found.
Feb  2 17:19:51 cu-cs-vm kernel: [    0.336038] ACPI: bus type PCI registered
Feb  2 17:19:51 cu-cs-vm kernel: [    0.336431] acpiphp: ACPI Hot Plug PCI Controller Driver version: 0.5
Feb  2 17:19:51 cu-cs-vm kernel: [    0.337104] PCI: MMCONFIG for domain 0000 [bus 00-3f] at [mem 0xdc000000-0xdfffffff] (base 0xdc000000)
Feb  2 17:19:51 cu-cs-vm kernel: [    0.338121] PCI: not using MMCONFIG
Feb  2 17:19:51 cu-cs-vm kernel: [    0.338557] PCI: Using configuration type 1 for base access
Feb  2 17:19:51 cu-cs-vm kernel: [    0.351527] ACPI: Added _OSI(Module Device)
Feb  2 17:19:51 cu-cs-vm kernel: [    0.351934] ACPI: Added _OSI(Processor Device)
Feb  2 17:19:51 cu-cs-vm kernel: [    0.352336] ACPI: Added _OSI(3.0 _SCP Extensions)
Feb  2 17:19:51 cu-cs-vm kernel: [    0.352747] ACPI: Added _OSI(Processor Aggregator Device)
Feb  2 17:19:51 cu-cs-vm kernel: [    0.354503] ACPI: Executed 1 blocks of module-level executable AML code
Feb  2 17:19:51 cu-cs-vm kernel: [    0.358405] ACPI: Interpreter enabled
Feb  2 17:19:51 cu-cs-vm kernel: [    0.358815] ACPI: (supports S0 S5)
Feb  2 17:19:51 cu-cs-vm kernel: [    0.359192] ACPI: Using IOAPIC for interrupt routing
Feb  2 17:19:51 cu-cs-vm kernel: [    0.359767] PCI: MMCONFIG for domain 0000 [bus 00-3f] at [mem 0xdc000000-0xdfffffff] (base 0xdc000000)
Feb  2 17:19:51 cu-cs-vm kernel: [    0.360731] PCI: MMCONFIG at [mem 0xdc000000-0xdfffffff] reserved in ACPI motherboard resources
Feb  2 17:19:51 cu-cs-vm kernel: [    0.361489] PCI: Using host bridge windows from ACPI; if necessary, use "pci=nocrs" and report a bug
Feb  2 17:19:51 cu-cs-vm kernel: [    0.365814] ACPI: PCI Root Bridge [PCI0] (domain 0000 [bus 00-ff])
Feb  2 17:19:51 cu-cs-vm kernel: [    0.366281] acpi PNP0A03:00: _OSC: OS supports [ExtendedConfig ASPM ClockPM Segments MSI]
Feb  2 17:19:51 cu-cs-vm kernel: [    0.367113] acpi PNP0A03:00: _OSC failed (AE_NOT_FOUND); disabling ASPM
Feb  2 17:19:51 cu-cs-vm kernel: [    0.367611] acpi PNP0A03:00: [Firmware Info]: MMCONFIG for domain 0000 [bus 00-3f] only partially covers this bridge
Feb  2 17:19:51 cu-cs-vm kernel: [    0.369247] PCI host bridge to bus 0000:00
Feb  2 17:19:51 cu-cs-vm kernel: [    0.369662] pci_bus 0000:00: root bus resource [io  0x0000-0x0cf7 window]
Feb  2 17:19:51 cu-cs-vm kernel: [    0.370141] pci_bus 0000:00: root bus resource [io  0x0d00-0xffff window]
Feb  2 17:19:51 cu-cs-vm kernel: [    0.370608] pci_bus 0000:00: root bus resource [mem 0x000a0000-0x000bffff window]
Feb  2 17:19:51 cu-cs-vm kernel: [    0.371367] pci_bus 0000:00: root bus resource [mem 0x80000000-0xffdfffff window]
Feb  2 17:19:51 cu-cs-vm kernel: [    0.372058] pci_bus 0000:00: root bus resource [bus 00-ff]
Feb  2 17:19:51 cu-cs-vm kernel: [    0.372478] pci 0000:00:02.0: [80ee:beef] type 00 class 0x030000
Feb  2 17:19:51 cu-cs-vm kernel: [    0.375578] pci 0000:00:02.0: reg 0x10: [mem 0xe0000000-0xe3ffffff pref]
Feb  2 17:19:51 cu-cs-vm kernel: [    0.401788] pci 0000:00:03.0: [8086:100e] type 00 class 0x020000
Feb  2 17:19:51 cu-cs-vm kernel: [    0.404150] pci 0000:00:03.0: reg 0x10: [mem 0xe4000000-0xe401ffff]
Feb  2 17:19:51 cu-cs-vm kernel: [    0.409277] pci 0000:00:03.0: reg 0x18: [io  0xd000-0xd007]
Feb  2 17:19:51 cu-cs-vm kernel: [    0.415936] pci 0000:00:04.0: [80ee:cafe] type 00 class 0x088000
Feb  2 17:19:51 cu-cs-vm kernel: [    0.417397] pci 0000:00:04.0: reg 0x10: [io  0xd020-0xd03f]
Feb  2 17:19:51 cu-cs-vm kernel: [    0.418818] pci 0000:00:04.0: reg 0x14: [mem 0xe4400000-0xe47fffff]
Feb  2 17:19:51 cu-cs-vm kernel: [    0.420246] pci 0000:00:04.0: reg 0x18: [mem 0xe4800000-0xe4803fff pref]
Feb  2 17:19:51 cu-cs-vm kernel: [    0.425784] pci 0000:00:05.0: [8086:2415] type 00 class 0x040100
Feb  2 17:19:51 cu-cs-vm kernel: [    0.425885] pci 0000:00:05.0: reg 0x10: [io  0xd100-0xd1ff]
Feb  2 17:19:51 cu-cs-vm kernel: [    0.425942] pci 0000:00:05.0: reg 0x14: [io  0xd200-0xd23f]
Feb  2 17:19:51 cu-cs-vm kernel: [    0.426392] pci 0000:00:07.0: [8086:7113] type 00 class 0x068000
Feb  2 17:19:51 cu-cs-vm kernel: [    0.426811] pci 0000:00:07.0: quirk: [io  0x4000-0x403f] claimed by PIIX4 ACPI
Feb  2 17:19:51 cu-cs-vm kernel: [    0.427459] pci 0000:00:07.0: quirk: [io  0x4100-0x410f] claimed by PIIX4 SMB
Feb  2 17:19:51 cu-cs-vm kernel: [    0.428131] pci 0000:00:18.0: [8086:2448] type 01 class 0x060401
Feb  2 17:19:51 cu-cs-vm kernel: [    0.428464] pci 0000:00:19.0: [8086:2448] type 01 class 0x060401
Feb  2 17:19:51 cu-cs-vm kernel: [    0.428807] pci 0000:00:1f.0: [8086:27b9] type 00 class 0x060100
Feb  2 17:19:51 cu-cs-vm kernel: [    0.429220] pci 0000:00:1f.0: quirk: [io  0x8000-0x807f] claimed by ICH6 ACPI/GPIO/TCO
Feb  2 17:19:51 cu-cs-vm kernel: [    0.430083] pci 0000:00:1f.2: [8086:2829] type 00 class 0x010601
Feb  2 17:19:51 cu-cs-vm kernel: [    0.431648] pci 0000:00:1f.2: reg 0x10: [io  0xd240-0xd247]
Feb  2 17:19:51 cu-cs-vm kernel: [    0.432933] pci 0000:00:1f.2: reg 0x14: [io  0xd248-0xd24b]
Feb  2 17:19:51 cu-cs-vm kernel: [    0.434282] pci 0000:00:1f.2: reg 0x18: [io  0xd250-0xd257]
Feb  2 17:19:51 cu-cs-vm kernel: [    0.435558] pci 0000:00:1f.2: reg 0x1c: [io  0xd258-0xd25b]
Feb  2 17:19:51 cu-cs-vm kernel: [    0.436821] pci 0000:00:1f.2: reg 0x20: [io  0xd260-0xd26f]
Feb  2 17:19:51 cu-cs-vm kernel: [    0.437912] pci 0000:00:1f.2: reg 0x24: [mem 0xe4804000-0xe4805fff]
Feb  2 17:19:51 cu-cs-vm kernel: [    0.439329] pci 0000:00:1f.4: [106b:003f] type 00 class 0x0c0310
Feb  2 17:19:51 cu-cs-vm kernel: [    0.440440] pci 0000:00:1f.4: reg 0x10: [mem 0xe4806000-0xe4806fff]
Feb  2 17:19:51 cu-cs-vm kernel: [    0.447993] pci 0000:00:18.0: bridge configuration invalid ([bus 01-01]), reconfiguring
Feb  2 17:19:51 cu-cs-vm kernel: [    0.448731] pci 0000:00:19.0: bridge configuration invalid ([bus 02-02]), reconfiguring
Feb  2 17:19:51 cu-cs-vm kernel: [    0.449798] pci 0000:00:18.0: PCI bridge to [bus 01-ff] (subtractive decode)
Feb  2 17:19:51 cu-cs-vm kernel: [    0.450365] pci 0000:00:18.0:   bridge window [io  0x0000-0x0cf7 window] (subtractive decode)
Feb  2 17:19:51 cu-cs-vm kernel: [    0.450389] pci 0000:00:18.0:   bridge window [io  0x0d00-0xffff window] (subtractive decode)
Feb  2 17:19:51 cu-cs-vm kernel: [    0.450405] pci 0000:00:18.0:   bridge window [mem 0x000a0000-0x000bffff window] (subtractive decode)
Feb  2 17:19:51 cu-cs-vm kernel: [    0.450422] pci 0000:00:18.0:   bridge window [mem 0x80000000-0xffdfffff window] (subtractive decode)
Feb  2 17:19:51 cu-cs-vm kernel: [    0.450431] pci_bus 0000:01: busn_res: [bus 01-ff] end is updated to 01
Feb  2 17:19:51 cu-cs-vm kernel: [    0.450997] pci 0000:00:19.0: PCI bridge to [bus 02-ff] (subtractive decode)
Feb  2 17:19:51 cu-cs-vm kernel: [    0.451465] pci 0000:00:19.0:   bridge window [io  0x0000-0x0cf7 window] (subtractive decode)
Feb  2 17:19:51 cu-cs-vm kernel: [    0.451466] pci 0000:00:19.0:   bridge window [io  0x0d00-0xffff window] (subtractive decode)
Feb  2 17:19:51 cu-cs-vm kernel: [    0.451468] pci 0000:00:19.0:   bridge window [mem 0x000a0000-0x000bffff window] (subtractive decode)
Feb  2 17:19:51 cu-cs-vm kernel: [    0.451469] pci 0000:00:19.0:   bridge window [mem 0x80000000-0xffdfffff window] (subtractive decode)
Feb  2 17:19:51 cu-cs-vm kernel: [    0.451471] pci_bus 0000:02: busn_res: [bus 02-ff] end is updated to 02
Feb  2 17:19:51 cu-cs-vm kernel: [    0.452282] ACPI: PCI Interrupt Link [LNKA] (IRQs 5 9 10 *11)
Feb  2 17:19:51 cu-cs-vm kernel: [    0.453127] ACPI: PCI Interrupt Link [LNKB] (IRQs 5 *9 10 11)
Feb  2 17:19:51 cu-cs-vm kernel: [    0.453993] ACPI: PCI Interrupt Link [LNKC] (IRQs 5 9 10 *11)
Feb  2 17:19:51 cu-cs-vm kernel: [    0.454849] ACPI: PCI Interrupt Link [LNKD] (IRQs 5 *9 10 11)
Feb  2 17:19:51 cu-cs-vm kernel: [    0.455622] ACPI: Enabled 2 GPEs in block 00 to 07
Feb  2 17:19:51 cu-cs-vm kernel: [    0.456303] vgaarb: setting as boot device: PCI:0000:00:02.0
Feb  2 17:19:51 cu-cs-vm kernel: [    0.456690] vgaarb: device added: PCI:0000:00:02.0,decodes=io+mem,owns=io+mem,locks=none
Feb  2 17:19:51 cu-cs-vm kernel: [    0.457328] vgaarb: loaded
Feb  2 17:19:51 cu-cs-vm kernel: [    0.457631] vgaarb: bridge control possible 0000:00:02.0
Feb  2 17:19:51 cu-cs-vm kernel: [    0.458194] SCSI subsystem initialized
Feb  2 17:19:51 cu-cs-vm kernel: [    0.458657] libata version 3.00 loaded.
Feb  2 17:19:51 cu-cs-vm kernel: [    0.458679] ACPI: bus type USB registered
Feb  2 17:19:51 cu-cs-vm kernel: [    0.459034] usbcore: registered new interface driver usbfs
Feb  2 17:19:51 cu-cs-vm kernel: [    0.459418] usbcore: registered new interface driver hub
Feb  2 17:19:51 cu-cs-vm kernel: [    0.459822] usbcore: registered new device driver usb
Feb  2 17:19:51 cu-cs-vm kernel: [    0.460505] PCI: Using ACPI for IRQ routing
Feb  2 17:19:51 cu-cs-vm kernel: [    0.475008] PCI: pci_cache_line_size set to 64 bytes
Feb  2 17:19:51 cu-cs-vm kernel: [    0.475142] e820: reserve RAM buffer [mem 0x0009fc00-0x0009ffff]
Feb  2 17:19:51 cu-cs-vm kernel: [    0.475144] e820: reserve RAM buffer [mem 0x7fff0000-0x7fffffff]
Feb  2 17:19:51 cu-cs-vm kernel: [    0.475257] NetLabel: Initializing
Feb  2 17:19:51 cu-cs-vm kernel: [    0.475543] NetLabel:  domain hash size = 128
Feb  2 17:19:51 cu-cs-vm kernel: [    0.475841] NetLabel:  protocols = UNLABELED CIPSOv4
Feb  2 17:19:51 cu-cs-vm kernel: [    0.476166] NetLabel:  unlabeled traffic allowed by default
Feb  2 17:19:51 cu-cs-vm kernel: [    0.476738] HPET: 4 timers in total, 0 timers will be used for per-cpu timer
Feb  2 17:19:51 cu-cs-vm kernel: [    0.477112] hpet0: at MMIO 0xfed00000, IRQs 2, 8, 0, 0
Feb  2 17:19:51 cu-cs-vm kernel: [    0.477616] hpet0: 4 comparators, 64-bit 14.318180 MHz counter
Feb  2 17:19:51 cu-cs-vm kernel: [    0.480905] amd_nb: Cannot enumerate AMD northbridges
Feb  2 17:19:51 cu-cs-vm kernel: [    0.481302] clocksource: Switched to clocksource kvm-clock
Feb  2 17:19:51 cu-cs-vm kernel: [    0.490968] AppArmor: AppArmor Filesystem Enabled
Feb  2 17:19:51 cu-cs-vm kernel: [    0.491450] pnp: PnP ACPI init
Feb  2 17:19:51 cu-cs-vm kernel: [    0.492032] pnp 00:00: Plug and Play ACPI device, IDs PNP0303 (active)
Feb  2 17:19:51 cu-cs-vm kernel: [    0.492121] pnp 00:01: Plug and Play ACPI device, IDs PNP0f03 (active)
Feb  2 17:19:51 cu-cs-vm kernel: [    0.492162] pnp 00:02: Plug and Play ACPI device, IDs PNP0b00 (active)
Feb  2 17:19:51 cu-cs-vm kernel: [    0.492224] system 00:03: [mem 0xfed00000-0xfed003ff] has been reserved
Feb  2 17:19:51 cu-cs-vm kernel: [    0.492626] system 00:03: Plug and Play ACPI device, IDs PNP0103 PNP0c01 (active)
Feb  2 17:19:51 cu-cs-vm kernel: [    0.492830] system 00:04: [mem 0xdc000000-0xdfffffff] has been reserved
Feb  2 17:19:51 cu-cs-vm kernel: [    0.493217] system 00:04: Plug and Play ACPI device, IDs PNP0c02 (active)
Feb  2 17:19:51 cu-cs-vm kernel: [    0.494501] pnp: PnP ACPI: found 5 devices
Feb  2 17:19:51 cu-cs-vm kernel: [    0.509528] clocksource: acpi_pm: mask: 0xffffff max_cycles: 0xffffff, max_idle_ns: 2085701024 ns
Feb  2 17:19:51 cu-cs-vm kernel: [    0.510276] pci 0000:00:18.0: PCI bridge to [bus 01]
Feb  2 17:19:51 cu-cs-vm kernel: [    0.510744] pci 0000:00:19.0: PCI bridge to [bus 02]
Feb  2 17:19:51 cu-cs-vm kernel: [    0.511265] pci_bus 0000:00: resource 4 [io  0x0000-0x0cf7 window]
Feb  2 17:19:51 cu-cs-vm kernel: [    0.511283] pci_bus 0000:00: resource 5 [io  0x0d00-0xffff window]
Feb  2 17:19:51 cu-cs-vm kernel: [    0.511292] pci_bus 0000:00: resource 6 [mem 0x000a0000-0x000bffff window]
Feb  2 17:19:51 cu-cs-vm kernel: [    0.511299] pci_bus 0000:00: resource 7 [mem 0x80000000-0xffdfffff window]
Feb  2 17:19:51 cu-cs-vm kernel: [    0.511302] pci_bus 0000:01: resource 4 [io  0x0000-0x0cf7 window]
Feb  2 17:19:51 cu-cs-vm kernel: [    0.511303] pci_bus 0000:01: resource 5 [io  0x0d00-0xffff window]
Feb  2 17:19:51 cu-cs-vm kernel: [    0.511304] pci_bus 0000:01: resource 6 [mem 0x000a0000-0x000bffff window]
Feb  2 17:19:51 cu-cs-vm kernel: [    0.511305] pci_bus 0000:01: resource 7 [mem 0x80000000-0xffdfffff window]
Feb  2 17:19:51 cu-cs-vm kernel: [    0.511306] pci_bus 0000:02: resource 4 [io  0x0000-0x0cf7 window]
Feb  2 17:19:51 cu-cs-vm kernel: [    0.511308] pci_bus 0000:02: resource 5 [io  0x0d00-0xffff window]
Feb  2 17:19:51 cu-cs-vm kernel: [    0.511309] pci_bus 0000:02: resource 6 [mem 0x000a0000-0x000bffff window]
Feb  2 17:19:51 cu-cs-vm kernel: [    0.511310] pci_bus 0000:02: resource 7 [mem 0x80000000-0xffdfffff window]
Feb  2 17:19:51 cu-cs-vm systemd[1]: Listening on CUPS Scheduler.
Feb  2 17:19:51 cu-cs-vm systemd[1]: Started Trigger resolvconf update for networkd DNS.
Feb  2 17:19:51 cu-cs-vm systemd[1]: apt-daily.timer: Adding 2h 33min 15.028675s random time.
Feb  2 17:19:51 cu-cs-vm systemd[1]: Started Daily apt activities.
Feb  2 17:19:51 cu-cs-vm systemd[1]: Listening on D-Bus System Message Bus Socket.
Feb  2 17:19:51 cu-cs-vm systemd[1]: Starting Socket activation for snappy daemon.
Feb  2 17:19:51 cu-cs-vm systemd[1]: snapd.refresh.timer: Adding 4h 21min 22.343923s random time.
Feb  2 17:19:51 cu-cs-vm systemd[1]: snapd.refresh.timer: Adding 5h 3min 34.185203s random time.
Feb  2 17:19:51 cu-cs-vm systemd[1]: Started Timer to automatically refresh installed snaps.
Feb  2 17:19:51 cu-cs-vm systemd[1]: Listening on Avahi mDNS/DNS-SD Stack Activation Socket.
Feb  2 17:19:51 cu-cs-vm systemd[1]: Started Daily Cleanup of Temporary Directories.
Feb  2 17:19:51 cu-cs-vm systemd[1]: Reached target Timers.
Feb  2 17:19:51 cu-cs-vm systemd[1]: Listening on UUID daemon activation socket.
Feb  2 17:19:51 cu-cs-vm systemd[1]: Started CUPS Scheduler.
Feb  2 17:19:51 cu-cs-vm systemd[1]: Started ACPI Events Check.
Feb  2 17:19:51 cu-cs-vm systemd[1]: Reached target Paths.
Feb  2 17:19:51 cu-cs-vm systemd[1]: Listening on ACPID Listen Socket.
Feb  2 17:19:51 cu-cs-vm systemd[1]: Listening on Socket activation for snappy daemon.
Feb  2 17:19:51 cu-cs-vm systemd[1]: Reached target Sockets.
Feb  2 17:19:51 cu-cs-vm systemd[1]: Reached target Basic System.
Feb  2 17:19:51 cu-cs-vm systemd[1]: Started ACPI event daemon.
Feb  2 17:19:51 cu-cs-vm systemd[1]: Starting LSB: Set the CPU Frequency Scaling governor to "ondemand"...
Feb  2 17:19:51 cu-cs-vm systemd[1]: Starting vboxadd-x11.service...
Feb  2 17:19:51 cu-cs-vm systemd[1]: Starting Restore /etc/resolv.conf if the system crashed before the ppp link was shut down...
Feb  2 17:19:51 cu-cs-vm systemd[1]: Starting Avahi mDNS/DNS-SD Stack...
Feb  2 17:19:51 cu-cs-vm avahi-daemon[752]: Found user 'avahi' (UID 111) and group 'avahi' (GID 120).
Feb  2 17:19:51 cu-cs-vm avahi-daemon[752]: Successfully dropped root privileges.
Feb  2 17:19:51 cu-cs-vm avahi-daemon[752]: avahi-daemon 0.6.32-rc starting up.
Feb  2 17:19:51 cu-cs-vm systemd[1]: Started CUPS Scheduler.
Feb  2 17:19:51 cu-cs-vm systemd[1]: Started crash report submission daemon.
Feb  2 17:19:51 cu-cs-vm systemd[1]: Started uptime record daemon.
Feb  2 17:19:51 cu-cs-vm systemd[1]: Starting System Logging Service...
Feb  2 17:19:51 cu-cs-vm systemd[1]: Starting LSB: daemon to balance interrupts for SMP systems...
Feb  2 17:19:51 cu-cs-vm systemd[1]: Starting LSB: Record successful boot for GRUB...
Feb  2 17:19:51 cu-cs-vm acpid: starting up with netlink and the input layer
Feb  2 17:19:51 cu-cs-vm acpid: 9 rules loaded
Feb  2 17:19:51 cu-cs-vm acpid: waiting for events: event logging is off
Feb  2 17:19:51 cu-cs-vm kernel: [    0.511396] NET: Registered protocol family 2
Feb  2 17:19:51 cu-cs-vm kernel: [    0.511987] TCP established hash table entries: 16384 (order: 5, 131072 bytes)
Feb  2 17:19:51 cu-cs-vm kernel: [    0.512649] TCP bind hash table entries: 16384 (order: 6, 262144 bytes)
Feb  2 17:19:51 cu-cs-vm kernel: [    0.513904] TCP: Hash tables configured (established 16384 bind 16384)
Feb  2 17:19:51 cu-cs-vm kernel: [    0.514314] UDP hash table entries: 1024 (order: 3, 32768 bytes)
Feb  2 17:19:51 cu-cs-vm kernel: [    0.514680] UDP-Lite hash table entries: 1024 (order: 3, 32768 bytes)
Feb  2 17:19:51 cu-cs-vm kernel: [    0.515159] NET: Registered protocol family 1
Feb  2 17:19:51 cu-cs-vm kernel: [    0.515487] pci 0000:00:02.0: Video device with shadowed ROM
Feb  2 17:19:51 cu-cs-vm kernel: [    0.516600] PCI: CLS 0 bytes, default 64
Feb  2 17:19:51 cu-cs-vm kernel: [    0.516671] Trying to unpack rootfs image as initramfs...
Feb  2 17:19:51 cu-cs-vm kernel: [    1.132689] Freeing initrd memory: 47188K (ffff8800323c6000 - ffff8800351db000)
Feb  2 17:19:51 cu-cs-vm kernel: [    1.133454] Scanning for low memory corruption every 60 seconds
Feb  2 17:19:51 cu-cs-vm kernel: [    1.134524] futex hash table entries: 512 (order: 3, 32768 bytes)
Feb  2 17:19:51 cu-cs-vm kernel: [    1.134984] audit: initializing netlink subsys (disabled)
Feb  2 17:19:51 cu-cs-vm kernel: [    1.135339] audit: type=2000 audit(1486081197.498:1): initialized
Feb  2 17:19:51 cu-cs-vm kernel: [    1.135917] Initialise system trusted keyring
Feb  2 17:19:51 cu-cs-vm kernel: [    1.136501] HugeTLB registered 2 MB page size, pre-allocated 0 pages
Feb  2 17:19:51 cu-cs-vm kernel: [    1.138118] zbud: loaded
Feb  2 17:19:51 cu-cs-vm kernel: [    1.138683] VFS: Disk quotas dquot_6.6.0
Feb  2 17:19:51 cu-cs-vm kernel: [    1.139070] VFS: Dquot-cache hash table entries: 512 (order 0, 4096 bytes)
Feb  2 17:19:51 cu-cs-vm kernel: [    1.139777] squashfs: version 4.0 (2009/01/31) Phillip Lougher
Feb  2 17:19:51 cu-cs-vm kernel: [    1.140616] fuse init (API version 7.23)
Feb  2 17:19:51 cu-cs-vm kernel: [    1.141298] Key type big_key registered
Feb  2 17:19:51 cu-cs-vm kernel: [    1.141699] Allocating IMA MOK and blacklist keyrings.
Feb  2 17:19:51 cu-cs-vm kernel: [    1.146646] Key type asymmetric registered
Feb  2 17:19:51 cu-cs-vm kernel: [    1.146975] Asymmetric key parser 'x509' registered
Feb  2 17:19:51 cu-cs-vm kernel: [    1.147336] Block layer SCSI generic (bsg) driver version 0.4 loaded (major 249)
Feb  2 17:19:51 cu-cs-vm kernel: [    1.148095] io scheduler noop registered
Feb  2 17:19:51 cu-cs-vm kernel: [    1.148407] io scheduler deadline registered (default)
Feb  2 17:19:51 cu-cs-vm kernel: [    1.148768] io scheduler cfq registered
Feb  2 17:19:51 cu-cs-vm kernel: [    1.149144] pci_hotplug: PCI Hot Plug PCI Core version: 0.5
Feb  2 17:19:51 cu-cs-vm kernel: [    1.149495] pciehp: PCI Express Hot Plug Controller Driver version: 0.4
Feb  2 17:19:51 cu-cs-vm kernel: [    1.149888] intel_idle: does not run on family 6 model 94
Feb  2 17:19:51 cu-cs-vm kernel: [    1.149975] ACPI: AC Adapter [AC] (off-line)
Feb  2 17:19:51 cu-cs-vm kernel: [    1.150332] input: Power Button as /devices/LNXSYSTM:00/LNXPWRBN:00/input/input0
Feb  2 17:19:51 cu-cs-vm kernel: [    1.150899] ACPI: Power Button [PWRF]
Feb  2 17:19:51 cu-cs-vm kernel: [    1.151254] input: Sleep Button as /devices/LNXSYSTM:00/LNXSLPBN:00/input/input1
Feb  2 17:19:51 cu-cs-vm kernel: [    1.151820] ACPI: Sleep Button [SLPF]
Feb  2 17:19:51 cu-cs-vm kernel: [    1.152396] GHES: HEST is not enabled!
Feb  2 17:19:51 cu-cs-vm kernel: [    1.152960] ACPI: Battery Slot [BAT0] (battery present)
Feb  2 17:19:51 cu-cs-vm kernel: [    1.153473] Serial: 8250/16550 driver, 32 ports, IRQ sharing enabled
Feb  2 17:19:51 cu-cs-vm kernel: [    1.160383] Linux agpgart interface v0.103
Feb  2 17:19:51 cu-cs-vm kernel: [    1.166387] brd: module loaded
Feb  2 17:19:51 cu-cs-vm kernel: [    1.168720] loop: module loaded
Feb  2 17:19:51 cu-cs-vm kernel: [    1.169160] libphy: Fixed MDIO Bus: probed
Feb  2 17:19:51 cu-cs-vm kernel: [    1.169475] tun: Universal TUN/TAP device driver, 1.6
Feb  2 17:19:51 cu-cs-vm kernel: [    1.169896] tun: (C) 1999-2004 Max Krasnyansky <maxk@qualcomm.com>
Feb  2 17:19:51 cu-cs-vm kernel: [    1.170758] PPP generic driver version 2.4.2
Feb  2 17:19:51 cu-cs-vm kernel: [    1.171728] ehci_hcd: USB 2.0 'Enhanced' Host Controller (EHCI) Driver
Feb  2 17:19:51 cu-cs-vm kernel: [    1.172148] ehci-pci: EHCI PCI platform driver
Feb  2 17:19:51 cu-cs-vm kernel: [    1.172535] ehci-platform: EHCI generic platform driver
Feb  2 17:19:51 cu-cs-vm kernel: [    1.172880] ohci_hcd: USB 1.1 'Open' Host Controller (OHCI) Driver
Feb  2 17:19:51 cu-cs-vm kernel: [    1.173249] ohci-pci: OHCI PCI platform driver
Feb  2 17:19:51 cu-cs-vm kernel: [    1.174031] ohci-pci 0000:00:1f.4: OHCI PCI host controller
Feb  2 17:19:51 cu-cs-vm kernel: [    1.174386] ohci-pci 0000:00:1f.4: new USB bus registered, assigned bus number 1
Feb  2 17:19:51 cu-cs-vm kernel: [    1.175001] ohci-pci 0000:00:1f.4: irq 23, io mem 0xe4806000
Feb  2 17:19:51 cu-cs-vm kernel: [    1.238723] usb usb1: New USB device found, idVendor=1d6b, idProduct=0001
Feb  2 17:19:51 cu-cs-vm kernel: [    1.239623] usb usb1: New USB device strings: Mfr=3, Product=2, SerialNumber=1
Feb  2 17:19:51 cu-cs-vm kernel: [    1.241645] usb usb1: Product: OHCI PCI host controller
Feb  2 17:19:51 cu-cs-vm kernel: [    1.242438] usb usb1: Manufacturer: Linux 4.4.35mkkernel ohci_hcd
Feb  2 17:19:51 cu-cs-vm kernel: [    1.243279] usb usb1: SerialNumber: 0000:00:1f.4
Feb  2 17:19:51 cu-cs-vm kernel: [    1.244499] hub 1-0:1.0: USB hub found
Feb  2 17:19:51 cu-cs-vm kernel: [    1.245249] hub 1-0:1.0: 12 ports detected
Feb  2 17:19:51 cu-cs-vm kernel: [    1.246798] ohci-platform: OHCI generic platform driver
Feb  2 17:19:51 cu-cs-vm kernel: [    1.247663] uhci_hcd: USB Universal Host Controller Interface driver
Feb  2 17:19:51 cu-cs-vm kernel: [    1.248916] i8042: PNP: PS/2 Controller [PNP0303:PS2K,PNP0f03:PS2M] at 0x60,0x64 irq 1,12
Feb  2 17:19:51 cu-cs-vm kernel: [    1.251072] serio: i8042 KBD port at 0x60,0x64 irq 1
Feb  2 17:19:51 cu-cs-vm kernel: [    1.251898] serio: i8042 AUX port at 0x60,0x64 irq 12
Feb  2 17:19:51 cu-cs-vm kernel: [    1.253282] mousedev: PS/2 mouse device common for all mice
Feb  2 17:19:51 cu-cs-vm kernel: [    1.255334] input: AT Translated Set 2 keyboard as /devices/platform/i8042/serio0/input/input2
Feb  2 17:19:51 cu-cs-vm kernel: [    1.257630] rtc_cmos 00:02: rtc core: registered rtc_cmos as rtc0
Feb  2 17:19:51 cu-cs-vm kernel: [    1.258618] rtc_cmos 00:02: alarms up to one day, 114 bytes nvram, hpet irqs
Feb  2 17:19:51 cu-cs-vm kernel: [    1.259525] i2c /dev entries driver
Feb  2 17:19:51 cu-cs-vm kernel: [    1.260381] device-mapper: uevent: version 1.0.3
Feb  2 17:19:51 cu-cs-vm kernel: [    1.261864] device-mapper: ioctl: 4.34.0-ioctl (2015-10-28) initialised: dm-devel@redhat.com
Feb  2 17:19:51 cu-cs-vm kernel: [    1.263292] ledtrig-cpu: registered to indicate activity on CPUs
Feb  2 17:19:51 cu-cs-vm kernel: [    1.265534] NET: Registered protocol family 10
Feb  2 17:19:51 cu-cs-vm kernel: [    1.266750] NET: Registered protocol family 17
Feb  2 17:19:51 cu-cs-vm kernel: [    1.267565] Key type dns_resolver registered
Feb  2 17:19:51 cu-cs-vm kernel: [    1.268921] microcode: CPU0 sig=0x506e3, pf=0x2, revision=0x0
Feb  2 17:19:51 cu-cs-vm kernel: [    1.269843] microcode: CPU1 sig=0x506e3, pf=0x2, revision=0x0
Feb  2 17:19:51 cu-cs-vm kernel: [    1.271007] microcode: Microcode Update Driver: v2.01 <tigran@aivazian.fsnet.co.uk>, Peter Oruba
Feb  2 17:19:51 cu-cs-vm kernel: [    1.273605] registered taskstats version 1
Feb  2 17:19:51 cu-cs-vm kernel: [    1.274380] Loading compiled-in X.509 certificates
Feb  2 17:19:51 cu-cs-vm kernel: [    1.276417] Loaded X.509 cert 'Build time autogenerated kernel key: 0a62644ccd6d2ed1cada4d23e4d6a89d53abcebd'
Feb  2 17:19:51 cu-cs-vm kernel: [    1.277947] zswap: loaded using pool lzo/zbud
Feb  2 17:19:51 cu-cs-vm kernel: [    1.282612] Key type trusted registered
Feb  2 17:19:51 cu-cs-vm kernel: [    1.296088] Key type encrypted registered
Feb  2 17:19:51 cu-cs-vm kernel: [    1.297282] AppArmor: AppArmor sha1 policy hashing enabled
Feb  2 17:19:51 cu-cs-vm kernel: [    1.298567] ima: No TPM chip found, activating TPM-bypass!
Feb  2 17:19:51 cu-cs-vm kernel: [    1.299919] evm: HMAC attrs: 0x1
Feb  2 17:19:51 cu-cs-vm kernel: [    1.303638]   Magic number: 5:466:303
Feb  2 17:19:51 cu-cs-vm kernel: [    1.305026] tty tty32: hash matches
Feb  2 17:19:51 cu-cs-vm kernel: [    1.306581] rtc_cmos 00:02: setting system clock to 2017-02-03 00:19:47 UTC (1486081187)
Feb  2 17:19:51 cu-cs-vm kernel: [    1.309081] BIOS EDD facility v0.16 2004-Jun-25, 0 devices found
Feb  2 17:19:51 cu-cs-vm kernel: [    1.310463] EDD information not available.
Feb  2 17:19:51 cu-cs-vm kernel: [    1.311734] PM: Hibernation image not present or could not be loaded.
Feb  2 17:19:51 cu-cs-vm kernel: [    1.315473] Freeing unused kernel memory: 1480K (ffffffff81f41000 - ffffffff820b3000)
Feb  2 17:19:51 cu-cs-vm kernel: [    1.317691] Write protecting the kernel read-only data: 14336k
Feb  2 17:19:51 cu-cs-vm kernel: [    1.321572] Freeing unused kernel memory: 1976K (ffff880001812000 - ffff880001a00000)
Feb  2 17:19:51 cu-cs-vm kernel: [    1.326296] Freeing unused kernel memory: 288K (ffff880001db8000 - ffff880001e00000)
Feb  2 17:19:51 cu-cs-vm kernel: [    1.365679] random: systemd-udevd: uninitialized urandom read (16 bytes read, 3 bits of entropy available)
Feb  2 17:19:51 cu-cs-vm kernel: [    1.369311] random: udevadm: uninitialized urandom read (16 bytes read, 3 bits of entropy available)
Feb  2 17:19:51 cu-cs-vm kernel: [    1.369501] random: udevadm: uninitialized urandom read (16 bytes read, 3 bits of entropy available)
Feb  2 17:19:51 cu-cs-vm kernel: [    1.369943] random: udevadm: uninitialized urandom read (16 bytes read, 3 bits of entropy available)
Feb  2 17:19:51 cu-cs-vm kernel: [    1.370068] random: udevadm: uninitialized urandom read (16 bytes read, 3 bits of entropy available)
Feb  2 17:19:51 cu-cs-vm kernel: [    1.370168] random: udevadm: uninitialized urandom read (16 bytes read, 3 bits of entropy available)
Feb  2 17:19:51 cu-cs-vm kernel: [    1.370267] random: udevadm: uninitialized urandom read (16 bytes read, 3 bits of entropy available)
Feb  2 17:19:51 cu-cs-vm kernel: [    1.370436] random: udevadm: uninitialized urandom read (16 bytes read, 3 bits of entropy available)
Feb  2 17:19:51 cu-cs-vm kernel: [    1.370572] random: udevadm: uninitialized urandom read (16 bytes read, 3 bits of entropy available)
Feb  2 17:19:51 cu-cs-vm kernel: [    1.370815] random: udevadm: uninitialized urandom read (16 bytes read, 3 bits of entropy available)
Feb  2 17:19:51 cu-cs-vm kernel: [    1.430378] ahci 0000:00:1f.2: version 3.0
Feb  2 17:19:51 cu-cs-vm kernel: [    1.431548] ahci 0000:00:1f.2: SSS flag set, parallel bus scan disabled
Feb  2 17:19:51 cu-cs-vm kernel: [    1.432659] ahci 0000:00:1f.2: AHCI 0001.0100 32 slots 2 ports 3 Gbps 0x3 impl SATA mode
Feb  2 17:19:51 cu-cs-vm kernel: [    1.433857] ahci 0000:00:1f.2: flags: 64bit ncq stag only ccc 
Feb  2 17:19:51 cu-cs-vm kernel: [    1.446175] FUJITSU Extended Socket Network Device Driver - version 1.0 - Copyright (c) 2015 FUJITSU LIMITED
Feb  2 17:19:51 cu-cs-vm kernel: [    1.458184] scsi host0: ahci
Feb  2 17:19:51 cu-cs-vm kernel: [    1.460244] scsi host1: ahci
Feb  2 17:19:51 cu-cs-vm kernel: [    1.460753] ata1: SATA max UDMA/133 abar m8192@0xe4804000 port 0xe4804100 irq 24
Feb  2 17:19:51 cu-cs-vm kernel: [    1.461543] ata2: SATA max UDMA/133 abar m8192@0xe4804000 port 0xe4804180 irq 24
Feb  2 17:19:51 cu-cs-vm kernel: [    1.463049] e1000: Intel(R) PRO/1000 Network Driver - version 7.3.21-k8-NAPI
Feb  2 17:19:51 cu-cs-vm kernel: [    1.463569] e1000: Copyright (c) 1999-2006 Intel Corporation.
Feb  2 17:19:51 cu-cs-vm kernel: [    1.659024] usb 1-1: new full-speed USB device number 2 using ohci-pci
Feb  2 17:19:51 cu-cs-vm kernel: [    1.683816] input: ImExPS/2 Generic Explorer Mouse as /devices/platform/i8042/serio1/input/input4
Feb  2 17:19:51 cu-cs-vm kernel: [    1.785874] ata1: SATA link up 3.0 Gbps (SStatus 123 SControl 300)
Feb  2 17:19:51 cu-cs-vm kernel: [    1.786621] ata1.00: ATA-8: VBOX HARDDISK, 1.0, max UDMA/133
Feb  2 17:19:51 cu-cs-vm kernel: [    1.787123] ata1.00: 134217728 sectors, multi 128: LBA48 NCQ (depth 31/32)
Feb  2 17:19:51 cu-cs-vm kernel: [    1.788374] ata1.00: configured for UDMA/133
Feb  2 17:19:51 cu-cs-vm kernel: [    1.790785] scsi 0:0:0:0: Direct-Access     ATA      VBOX HARDDISK    1.0  PQ: 0 ANSI: 5
Feb  2 17:19:51 cu-cs-vm kernel: [    1.791979] sd 0:0:0:0: [sda] 134217728 512-byte logical blocks: (68.7 GB/64.0 GiB)
Feb  2 17:19:51 cu-cs-vm kernel: [    1.792777] sd 0:0:0:0: [sda] Write Protect is off
Feb  2 17:19:51 cu-cs-vm kernel: [    1.793307] sd 0:0:0:0: [sda] Mode Sense: 00 3a 00 00
Feb  2 17:19:51 cu-cs-vm kernel: [    1.793321] sd 0:0:0:0: [sda] Write cache: enabled, read cache: enabled, doesn't support DPO or FUA
Feb  2 17:19:51 cu-cs-vm kernel: [    1.794189] sd 0:0:0:0: Attached scsi generic sg0 type 0
Feb  2 17:19:51 cu-cs-vm kernel: [    1.795854]  sda: sda1
Feb  2 17:19:51 cu-cs-vm kernel: [    1.796398] sd 0:0:0:0: [sda] Attached SCSI disk
Feb  2 17:19:51 cu-cs-vm kernel: [    1.813486] e1000 0000:00:03.0 eth0: (PCI:33MHz:32-bit) 08:00:27:32:10:68
Feb  2 17:19:51 cu-cs-vm kernel: [    1.813936] e1000 0000:00:03.0 eth0: Intel(R) PRO/1000 Network Connection
Feb  2 17:19:51 cu-cs-vm kernel: [    1.815207] e1000 0000:00:03.0 enp0s3: renamed from eth0
Feb  2 17:19:51 cu-cs-vm kernel: [    1.957855] usb 1-1: New USB device found, idVendor=80ee, idProduct=0021
Feb  2 17:19:51 cu-cs-vm kernel: [    1.959104] usb 1-1: New USB device strings: Mfr=1, Product=3, SerialNumber=0
Feb  2 17:19:51 cu-cs-vm kernel: [    1.960370] usb 1-1: Product: USB Tablet
Feb  2 17:19:51 cu-cs-vm kernel: [    1.961371] usb 1-1: Manufacturer: VirtualBox
Feb  2 17:19:51 cu-cs-vm kernel: [    1.987308] hidraw: raw HID events driver (C) Jiri Kosina
Feb  2 17:19:51 cu-cs-vm kernel: [    2.019733] usbcore: registered new interface driver usbhid
Feb  2 17:19:51 cu-cs-vm kernel: [    2.020975] usbhid: USB HID core driver
Feb  2 17:19:51 cu-cs-vm kernel: [    2.031386] input: VirtualBox USB Tablet as /devices/pci0000:00/0000:00:1f.4/usb1/1-1/1-1:1.0/0003:80EE:0021.0001/input/input5
Feb  2 17:19:51 cu-cs-vm kernel: [    2.032902] hid-generic 0003:80EE:0021.0001: input,hidraw0: USB HID v1.10 Mouse [VirtualBox USB Tablet] on usb-0000:00:1f.4-1/input0
Feb  2 17:19:51 cu-cs-vm kernel: [    2.114235] ata2: SATA link up 3.0 Gbps (SStatus 123 SControl 300)
Feb  2 17:19:51 cu-cs-vm kernel: [    2.116015] ata2.00: ATAPI: VBOX CD-ROM, 1.0, max UDMA/133
Feb  2 17:19:51 cu-cs-vm kernel: [    2.117263] ata2.00: applying bridge limits
Feb  2 17:19:51 cu-cs-vm kernel: [    2.118836] ata2.00: configured for UDMA/100
Feb  2 17:19:51 cu-cs-vm kernel: [    2.121107] scsi 1:0:0:0: CD-ROM            VBOX     CD-ROM           1.0  PQ: 0 ANSI: 5
Feb  2 17:19:51 cu-cs-vm kernel: [    2.129788] tsc: Refined TSC clocksource calibration: 2593.464 MHz
Feb  2 17:19:51 cu-cs-vm kernel: [    2.131127] clocksource: tsc: mask: 0xffffffffffffffff max_cycles: 0x25621d897ec, max_idle_ns: 440795226956 ns
Feb  2 17:19:51 cu-cs-vm kernel: [    2.134265] sr 1:0:0:0: [sr0] scsi3-mmc drive: 32x/32x xa/form2 tray
Feb  2 17:19:51 cu-cs-vm kernel: [    2.135685] cdrom: Uniform CD-ROM driver Revision: 3.20
Feb  2 17:19:51 cu-cs-vm kernel: [    2.137657] sr 1:0:0:0: Attached scsi CD-ROM sr0
Feb  2 17:19:51 cu-cs-vm kernel: [    2.138204] sr 1:0:0:0: Attached scsi generic sg1 type 5
Feb  2 17:19:51 cu-cs-vm kernel: [    2.341485] raid6: sse2x1   gen()  5974 MB/s
Feb  2 17:19:51 cu-cs-vm kernel: [    2.409315] raid6: sse2x1   xor()  5534 MB/s
Feb  2 17:19:51 cu-cs-vm kernel: [    2.477462] raid6: sse2x2   gen() 10259 MB/s
Feb  2 17:19:51 cu-cs-vm kernel: [    2.545640] raid6: sse2x2   xor()  7196 MB/s
Feb  2 17:19:51 cu-cs-vm kernel: [    2.613801] raid6: sse2x4   gen() 11772 MB/s
Feb  2 17:19:51 cu-cs-vm kernel: [    2.681512] raid6: sse2x4   xor()  7500 MB/s
Feb  2 17:19:51 cu-cs-vm kernel: [    2.681830] raid6: using algorithm sse2x4 gen() 11772 MB/s
Feb  2 17:19:51 cu-cs-vm kernel: [    2.682186] raid6: .... xor() 7500 MB/s, rmw enabled
Feb  2 17:19:51 cu-cs-vm kernel: [    2.682558] raid6: using ssse3x2 recovery algorithm
Feb  2 17:19:51 cu-cs-vm kernel: [    2.684742] xor: automatically using best checksumming function:
Feb  2 17:19:51 cu-cs-vm kernel: [    2.721614]    avx       : 20508.000 MB/sec
Feb  2 17:19:51 cu-cs-vm kernel: [    2.804870] Btrfs loaded
Feb  2 17:19:51 cu-cs-vm kernel: [    2.847419] BTRFS: device fsid cdc63320-d9b3-4941-85c9-01e6f9786fb3 devid 1 transid 15073 /dev/sda1
Feb  2 17:19:51 cu-cs-vm kernel: [    2.869872] BTRFS info (device sda1): disk space caching is enabled
Feb  2 17:19:51 cu-cs-vm kernel: [    2.870340] BTRFS: has skinny extents
Feb  2 17:19:51 cu-cs-vm kernel: [    2.892715] BTRFS: detected SSD devices, enabling SSD mode
Feb  2 17:19:51 cu-cs-vm kernel: [    3.717923] lp: driver loaded but no devices found
Feb  2 17:19:51 cu-cs-vm kernel: [    3.740185] ppdev: user-space parallel port driver
Feb  2 17:19:51 cu-cs-vm kernel: [    3.947029] BTRFS info (device sda1): enabling auto defrag
Feb  2 17:19:51 cu-cs-vm kernel: [    3.947035] BTRFS info (device sda1): disk space caching is enabled
Feb  2 17:19:51 cu-cs-vm kernel: [    4.049353] ACPI: Video Device [GFX0] (multi-head: yes  rom: no  post: no)
Feb  2 17:19:51 cu-cs-vm kernel: [    4.049406] input: Video Bus as /devices/LNXSYSTM:00/LNXSYBUS:00/PNP0A03:00/LNXVIDEO:00/input/input6
Feb  2 17:19:51 cu-cs-vm kernel: [    4.059782] lpc_ich 0000:00:1f.0: I/O space for GPIO uninitialized
Feb  2 17:19:51 cu-cs-vm kernel: [    4.062137] piix4_smbus 0000:00:07.0: SMBus Host Controller at 0x4100, revision 0
Feb  2 17:19:51 cu-cs-vm kernel: [    4.083606] vboxguest: module verification failed: signature and/or required key missing - tainting kernel
Feb  2 17:19:51 cu-cs-vm kernel: [    4.148058] vgdrvHeartbeatInit: Setting up heartbeat to trigger every 2000 milliseconds
Feb  2 17:19:51 cu-cs-vm kernel: [    4.148181] input: Unspecified device as /devices/pci0000:00/0000:00:04.0/input/input7
Feb  2 17:19:51 cu-cs-vm kernel: [    4.151455] vboxguest: misc device minor 55, IRQ 20, I/O port d020, MMIO at 00000000e4400000 (size 0x400000)
Feb  2 17:19:51 cu-cs-vm kernel: [    4.151457] vboxguest: Successfully loaded version 5.1.12 (interface 0x00010004)
Feb  2 17:19:51 cu-cs-vm kernel: [    4.156636] [drm] Initialized drm 1.1.0 20060810
Feb  2 17:19:51 cu-cs-vm kernel: [    4.287195] [drm] VRAM 04000000
Feb  2 17:19:51 cu-cs-vm kernel: [    4.287756] [TTM] Zone  kernel: Available graphics memory: 958748 kiB
Feb  2 17:19:51 cu-cs-vm kernel: [    4.287757] [TTM] Initializing pool allocator
Feb  2 17:19:51 cu-cs-vm kernel: [    4.287761] [TTM] Initializing DMA pool allocator
Feb  2 17:19:51 cu-cs-vm kernel: [    4.288019] fbcon: vboxdrmfb (fb0) is primary device
Feb  2 17:19:51 cu-cs-vm kernel: [    4.332576] Console: switching to colour frame buffer device 100x37
Feb  2 17:19:51 cu-cs-vm kernel: [    4.350234] vboxvideo 0000:00:02.0: fb0: vboxdrmfb frame buffer device
Feb  2 17:19:51 cu-cs-vm kernel: [    4.365810] [drm] Initialized vboxvideo 1.0.0 20130823 for 0000:00:02.0 on minor 0
Feb  2 17:19:51 cu-cs-vm kernel: [    4.398903] AVX version of gcm_enc/dec engaged.
Feb  2 17:19:51 cu-cs-vm kernel: [    4.398908] AES CTR mode by8 optimization enabled
Feb  2 17:19:51 cu-cs-vm kernel: [    4.512766] snd_intel8x0 0000:00:05.0: disable (unknown or VT-d) VM optimization
Feb  2 17:19:51 cu-cs-vm kernel: [    4.721998] BTRFS error (device sda1): could not find root 8
Feb  2 17:19:51 cu-cs-vm kernel: [    4.722013] BTRFS error (device sda1): could not find root 8
Feb  2 17:19:51 cu-cs-vm kernel: [    4.809364] snd_intel8x0 0000:00:05.0: white list rate for 1028:0177 is 48000
Feb  2 17:19:51 cu-cs-vm kernel: [    4.981101] audit: type=1400 audit(1486081191.168:2): apparmor="STATUS" operation="profile_load" profile="unconfined" name="/sbin/dhclient" pid=687 comm="apparmor_parser"
Feb  2 17:19:51 cu-cs-vm kernel: [    4.981108] audit: type=1400 audit(1486081191.168:3): apparmor="STATUS" operation="profile_load" profile="unconfined" name="/usr/lib/NetworkManager/nm-dhcp-client.action" pid=687 comm="apparmor_parser"
Feb  2 17:19:51 cu-cs-vm kernel: [    4.981113] audit: type=1400 audit(1486081191.168:4): apparmor="STATUS" operation="profile_load" profile="unconfined" name="/usr/lib/NetworkManager/nm-dhcp-helper" pid=687 comm="apparmor_parser"
Feb  2 17:19:51 cu-cs-vm kernel: [    4.981116] audit: type=1400 audit(1486081191.168:5): apparmor="STATUS" operation="profile_load" profile="unconfined" name="/usr/lib/connman/scripts/dhclient-script" pid=687 comm="apparmor_parser"
Feb  2 17:19:51 cu-cs-vm kernel: [    4.983030] audit: type=1400 audit(1486081191.172:6): apparmor="STATUS" operation="profile_load" profile="unconfined" name="/usr/lib/lightdm/lightdm-guest-session" pid=686 comm="apparmor_parser"
Feb  2 17:19:51 cu-cs-vm kernel: [    4.983036] audit: type=1400 audit(1486081191.172:7): apparmor="STATUS" operation="profile_load" profile="unconfined" name="/usr/lib/lightdm/lightdm-guest-session//chromium" pid=686 comm="apparmor_parser"
Feb  2 17:19:51 cu-cs-vm kernel: [    4.986367] audit: type=1400 audit(1486081191.176:8): apparmor="STATUS" operation="profile_load" profile="unconfined" name="/usr/bin/ubuntu-core-launcher" pid=691 comm="apparmor_parser"
Feb  2 17:19:51 cu-cs-vm kernel: [    4.995206] audit: type=1400 audit(1486081191.184:9): apparmor="STATUS" operation="profile_load" profile="unconfined" name="/usr/lib/snapd/snap-confine" pid=692 comm="apparmor_parser"
Feb  2 17:19:51 cu-cs-vm kernel: [    4.995214] audit: type=1400 audit(1486081191.184:10): apparmor="STATUS" operation="profile_load" profile="unconfined" name="/usr/lib/snapd/snap-confine//mount-namespace-capture-helper" pid=692 comm="apparmor_parser"
Feb  2 17:19:51 cu-cs-vm systemd[1]: Starting Initialize hardware monitoring sensors...
Feb  2 17:19:51 cu-cs-vm systemd[1]: Started Regular background program processing daemon.
Feb  2 17:19:51 cu-cs-vm sensors[790]: No sensors found!
Feb  2 17:19:51 cu-cs-vm sensors[790]: Make sure you loaded all the kernel drivers you need.
Feb  2 17:19:51 cu-cs-vm sensors[790]: Try sensors-detect to find out which these are.
Feb  2 17:19:51 cu-cs-vm cron[803]: (CRON) INFO (pidfile fd = 3)
Feb  2 17:19:51 cu-cs-vm cron[803]: (CRON) INFO (Running @reboot jobs)
Feb  2 17:19:51 cu-cs-vm whoopsie[761]: [17:19:51] Using lock path: /var/lock/whoopsie/lock
Feb  2 17:19:51 cu-cs-vm systemd[1]: Starting Detect the available GPUs and deal with any system changes...
Feb  2 17:19:51 cu-cs-vm systemd[1]: Starting vboxadd.service...
Feb  2 17:19:51 cu-cs-vm gpu-manager[806]: /etc/modprobe.d is not a file
Feb  2 17:19:51 cu-cs-vm systemd[1]: Starting Login Service...
Feb  2 17:19:51 cu-cs-vm gpu-manager[806]: /etc/modprobe.d is not a file
Feb  2 17:19:51 cu-cs-vm systemd[1]: Starting LSB: Speech Dispatcher...
Feb  2 17:19:51 cu-cs-vm gpu-manager[806]: /etc/modprobe.d is not a file
Feb  2 17:19:51 cu-cs-vm gpu-manager[806]: /etc/modprobe.d is not a file
Feb  2 17:19:51 cu-cs-vm systemd[1]: Starting Modem Manager...
Feb  2 17:19:51 cu-cs-vm gpu-manager[806]: /etc/modprobe.d is not a file
Feb  2 17:19:51 cu-cs-vm vboxadd[808]: vboxadd.sh: Starting the VirtualBox Guest Additions.
Feb  2 17:19:51 cu-cs-vm gpu-manager[806]: Error: can't open /lib/modules/4.4.35mkkernel/updates/dkms
Feb  2 17:19:51 cu-cs-vm gpu-manager[806]: Error: can't open /lib/modules/4.4.35mkkernel/updates/dkms
Feb  2 17:19:52 cu-cs-vm vboxadd.sh: Starting the VirtualBox Guest Additions.
Feb  2 17:19:52 cu-cs-vm systemd[1]: Started D-Bus System Message Bus.
Feb  2 17:19:52 cu-cs-vm ModemManager[827]: <info>  ModemManager (version 1.4.12) starting in system bus...
Feb  2 17:19:52 cu-cs-vm gpu-manager[806]: update-alternatives: error: no alternatives for x86_64-linux-gnu_gfxcore_conf
Feb  2 17:19:52 cu-cs-vm kernel: [    5.936571] vboxsf: Successfully loaded version 5.1.12 (interface 0x00010004)
Feb  2 17:19:52 cu-cs-vm dbus[836]: [system] AppArmor D-Bus mediation is enabled
Feb  2 17:19:52 cu-cs-vm avahi-daemon[752]: Successfully called chroot().
Feb  2 17:19:52 cu-cs-vm avahi-daemon[752]: Successfully dropped remaining capabilities.
Feb  2 17:19:52 cu-cs-vm dbus[836]: [system] Activating systemd to hand-off: service name='org.freedesktop.PolicyKit1' unit='polkitd.service'
Feb  2 17:19:52 cu-cs-vm avahi-daemon[752]: No service file found in /etc/avahi/services.
Feb  2 17:19:52 cu-cs-vm avahi-daemon[752]: Network interface enumeration completed.
Feb  2 17:19:52 cu-cs-vm avahi-daemon[752]: Server startup complete. Host name is cu-cs-vm.local. Local service cookie is 1355575290.
Feb  2 17:19:52 cu-cs-vm dbus[836]: [system] Successfully activated service 'org.freedesktop.systemd1'
Feb  2 17:19:52 cu-cs-vm systemd[1]: Started Avahi mDNS/DNS-SD Stack.
Feb  2 17:19:52 cu-cs-vm whoopsie[761]: [17:19:52] Could not get the Network Manager state:
Feb  2 17:19:52 cu-cs-vm whoopsie[761]: [17:19:52] GDBus.Error:org.freedesktop.DBus.Error.ServiceUnknown: The name org.freedesktop.NetworkManager was not provided by any .service files
Feb  2 17:19:52 cu-cs-vm systemd[1]: Starting LSB: Execute the kexec -e command to reboot system...
Feb  2 17:19:52 cu-cs-vm systemd[1]: Started Make remote CUPS printers available locally.
Feb  2 17:19:52 cu-cs-vm vboxadd-x11.sh: Installing the Window System drivers.
Feb  2 17:19:52 cu-cs-vm systemd[1]: Starting Save/Restore Sound Card State...
Feb  2 17:19:52 cu-cs-vm vboxadd-x11.sh: Installing X.Org Server 1.18 modules.
Feb  2 17:19:52 cu-cs-vm systemd[1]: Starting LSB: automatic crash report generation...
Feb  2 17:19:52 cu-cs-vm vboxadd-x11.sh: X.Org Server 1.18 modules installed.
Feb  2 17:19:52 cu-cs-vm vboxadd-x11.sh: Setting up the Window System to use the Guest Additions.
Feb  2 17:19:52 cu-cs-vm vboxadd-x11.sh: Window System set up to use the Guest Additions.
Feb  2 17:19:52 cu-cs-vm vboxadd[808]: You may need to restart the Window System (or just restart the guest system)
Feb  2 17:19:52 cu-cs-vm vboxadd[808]: to enable the Guest Additions.
Feb  2 17:19:52 cu-cs-vm vboxadd-x11.sh: Installing graphics libraries and desktop services components.
Feb  2 17:19:52 cu-cs-vm systemd[1]: Starting Accounts Service...
Feb  2 17:19:52 cu-cs-vm systemd[1]: Starting Network Manager...
Feb  2 17:19:52 cu-cs-vm systemd[1]: Starting Permit User Sessions...
Feb  2 17:19:52 cu-cs-vm systemd[1]: Started Snappy daemon.
Feb  2 17:19:52 cu-cs-vm systemd[1]: Starting Auto import assertions from block devices...
Feb  2 17:19:52 cu-cs-vm systemd[1]: Starting Thermal Daemon Service...
Feb  2 17:19:52 cu-cs-vm systemd[1]: Started System Logging Service.
Feb  2 17:19:52 cu-cs-vm systemd[1]: Started vboxadd-x11.service.
Feb  2 17:19:52 cu-cs-vm snap[933]: auto-import is disabled on classic
Feb  2 17:19:52 cu-cs-vm systemd[1]: Started Restore /etc/resolv.conf if the system crashed before the ppp link was shut down.
Feb  2 17:19:52 cu-cs-vm vboxadd-x11.sh: Window system drivers installed.
Feb  2 17:19:52 cu-cs-vm systemd[1]: Started Detect the available GPUs and deal with any system changes.
Feb  2 17:19:52 cu-cs-vm /usr/lib/snapd/snapd[932]: daemon.go:250: DEBUG: init done in 921.85s
Feb  2 17:19:52 cu-cs-vm snapd[932]: 2017/02/02 17:19:52.638436 daemon.go:251: started snapd/2.21 (series 16; classic) ubuntu/16.04 (amd64).
Feb  2 17:19:52 cu-cs-vm sensors[949]: No sensors found!
Feb  2 17:19:52 cu-cs-vm sensors[949]: Make sure you loaded all the kernel drivers you need.
Feb  2 17:19:52 cu-cs-vm sensors[949]: Try sensors-detect to find out which these are.
Feb  2 17:19:52 cu-cs-vm /usr/lib/snapd/snapd[932]: daemon.go:251: started snapd/2.21 (series 16; classic) ubuntu/16.04 (amd64).
Feb  2 17:19:52 cu-cs-vm systemd[1]: Started Permit User Sessions.
Feb  2 17:19:52 cu-cs-vm thermald[934]: NO RAPL sysfs present
Feb  2 17:19:52 cu-cs-vm thermald[934]: 22 CPUID levels; family:model:stepping 0x6:5e:3 (6:94:3)
Feb  2 17:19:52 cu-cs-vm thermald[934]: Polling mode is enabled: 4
Feb  2 17:19:52 cu-cs-vm thermald[934]: Thermal DTS: No coretemp sysfs found
Feb  2 17:19:52 cu-cs-vm systemd[1]: Started Auto import assertions from block devices.
Feb  2 17:19:52 cu-cs-vm thermald[934]: Thermal DTS or hwmon: No Zones present Need to configure manually
Feb  2 17:19:52 cu-cs-vm thermald[934]: No thermal sensors found
Feb  2 17:19:52 cu-cs-vm thermald[934]: THD engine start failed
Feb  2 17:19:52 cu-cs-vm NetworkManager[925]: <info>  [1486081192.8168] NetworkManager (version 1.2.2) is starting...
Feb  2 17:19:52 cu-cs-vm NetworkManager[925]: <info>  [1486081192.8175] Read config: /etc/NetworkManager/NetworkManager.conf (etc: default-wifi-powersave-on.conf)
Feb  2 17:19:52 cu-cs-vm systemd[1]: Started Thermal Daemon Service.
Feb  2 17:19:52 cu-cs-vm NetworkManager[925]: <info>  [1486081192.8497] manager[0x1c261a0]: monitoring kernel firmware directory '/lib/firmware'.
Feb  2 17:19:52 cu-cs-vm systemd[1]: Started Initialize hardware monitoring sensors.
Feb  2 17:19:52 cu-cs-vm NetworkManager[925]: <info>  [1486081192.8520] monitoring ifupdown state file '/run/network/ifstate'.
Feb  2 17:19:52 cu-cs-vm systemd[1]: Started Save/Restore Sound Card State.
Feb  2 17:19:52 cu-cs-vm NetworkManager[925]: <info>  [1486081192.8669] dns-mgr[0x1c428a0]: set resolv-conf-mode: dnsmasq, plugin="dnsmasq"
Feb  2 17:19:52 cu-cs-vm NetworkManager[925]: <info>  [1486081192.8799] dns-mgr[0x1c428a0]: using resolv.conf manager 'resolvconf'
Feb  2 17:19:52 cu-cs-vm dbus[836]: [system] Activating via systemd: service name='org.freedesktop.nm_dispatcher' unit='dbus-org.freedesktop.nm-dispatcher.service'
Feb  2 17:19:52 cu-cs-vm systemd[1]: Started LSB: Set the CPU Frequency Scaling governor to "ondemand".
Feb  2 17:19:52 cu-cs-vm irqbalance[767]:  * Starting SMP IRQ Balancer: irqbalance
Feb  2 17:19:52 cu-cs-vm systemd[1]: Started LSB: Record successful boot for GRUB.
Feb  2 17:19:52 cu-cs-vm irqbalance[767]:    ...done.
Feb  2 17:19:52 cu-cs-vm speech-dispatcher[819]:  * speech-dispatcher disabled; edit /etc/default/speech-dispatcher
Feb  2 17:19:52 cu-cs-vm systemd[1]: Started LSB: daemon to balance interrupts for SMP systems.
Feb  2 17:19:52 cu-cs-vm systemd[1]: Started LSB: Speech Dispatcher.
Feb  2 17:19:52 cu-cs-vm systemd[1]: Started LSB: Execute the kexec -e command to reboot system.
Feb  2 17:19:53 cu-cs-vm apport[904]:  * Starting automatic crash report generation: apport
Feb  2 17:19:53 cu-cs-vm apport[904]:    ...done.
Feb  2 17:19:53 cu-cs-vm systemd[1]: Started LSB: automatic crash report generation.
Feb  2 17:19:53 cu-cs-vm systemd[1]: Started Network Manager.
Feb  2 17:19:53 cu-cs-vm systemd[1]: Started Raise network interfaces.
Feb  2 17:19:53 cu-cs-vm systemd[1]: Started Login Service.
Feb  2 17:19:53 cu-cs-vm systemd[1]: Starting Network Manager Script Dispatcher Service...
Feb  2 17:19:53 cu-cs-vm systemd[1]: Starting Network Manager Wait Online...
Feb  2 17:19:53 cu-cs-vm dbus[836]: [system] Successfully activated service 'org.freedesktop.nm_dispatcher'
Feb  2 17:19:53 cu-cs-vm systemd[1]: Reached target Network.
Feb  2 17:19:53 cu-cs-vm NetworkManager[925]: <info>  [1486081193.2125] init!
Feb  2 17:19:53 cu-cs-vm NetworkManager[925]: <info>  [1486081193.2135] management mode: unmanaged
Feb  2 17:19:53 cu-cs-vm NetworkManager[925]: <info>  [1486081193.2141] devices added (path: /sys/devices/pci0000:00/0000:00:03.0/net/enp0s3, iface: enp0s3)
Feb  2 17:19:53 cu-cs-vm NetworkManager[925]: <info>  [1486081193.2141] device added (path: /sys/devices/pci0000:00/0000:00:03.0/net/enp0s3, iface: enp0s3): no ifupdown configuration found.
Feb  2 17:19:53 cu-cs-vm NetworkManager[925]: <info>  [1486081193.2141] devices added (path: /sys/devices/virtual/net/lo, iface: lo)
Feb  2 17:19:53 cu-cs-vm NetworkManager[925]: <info>  [1486081193.2141] device added (path: /sys/devices/virtual/net/lo, iface: lo): no ifupdown configuration found.
Feb  2 17:19:53 cu-cs-vm NetworkManager[925]: <info>  [1486081193.2142] end _init.
Feb  2 17:19:53 cu-cs-vm NetworkManager[925]: <info>  [1486081193.2142] settings: loaded plugin ifupdown: (C) 2008 Canonical Ltd.  To report bugs please use the NetworkManager mailing list. (/usr/lib/x86_64-linux-gnu/NetworkManager/libnm-settings-plugin-ifupdown.so)
Feb  2 17:19:53 cu-cs-vm NetworkManager[925]: <info>  [1486081193.2143] settings: loaded plugin keyfile: (c) 2007 - 2015 Red Hat, Inc.  To report bugs please use the NetworkManager mailing list.
Feb  2 17:19:53 cu-cs-vm NetworkManager[925]: <info>  [1486081193.2187] SettingsPlugin-Ofono: init!
Feb  2 17:19:53 cu-cs-vm NetworkManager[925]: <warn>  [1486081193.2188] SettingsPlugin-Ofono: file doesn't exist: /var/lib/ofono
Feb  2 17:19:53 cu-cs-vm dbus[836]: [system] Activating via systemd: service name='org.freedesktop.hostname1' unit='dbus-org.freedesktop.hostname1.service'
Feb  2 17:19:53 cu-cs-vm NetworkManager[925]: <info>  [1486081193.2188] SettingsPlugin-Ofono: end _init.
Feb  2 17:19:53 cu-cs-vm NetworkManager[925]: <info>  [1486081193.2188] settings: loaded plugin ofono: (C) 2013-2016 Canonical Ltd.  To report bugs please use the NetworkManager mailing list. (/usr/lib/x86_64-linux-gnu/NetworkManager/libnm-settings-plugin-ofono.so)
Feb  2 17:19:53 cu-cs-vm NetworkManager[925]: <info>  [1486081193.2188] (19280) ... get_connections.
Feb  2 17:19:53 cu-cs-vm NetworkManager[925]: <info>  [1486081193.2188] (19280) ... get_connections (managed=false): return empty list.
Feb  2 17:19:53 cu-cs-vm NetworkManager[925]: <info>  [1486081193.2189] SettingsPlugin-Ofono: (29723696) ... get_connections.
Feb  2 17:19:53 cu-cs-vm NetworkManager[925]: <info>  [1486081193.2189] SettingsPlugin-Ofono: (29723696) connections count: 0
Feb  2 17:19:53 cu-cs-vm NetworkManager[925]: <info>  [1486081193.2190] get unmanaged devices count: 0
Feb  2 17:19:53 cu-cs-vm systemd[1]: Starting OpenBSD Secure Shell server...
Feb  2 17:19:53 cu-cs-vm systemd[1]: Starting Authenticate and Authorize Users to Run Privileged Tasks...
Feb  2 17:19:53 cu-cs-vm systemd[1]: Starting LSB: Load kernel image with kexec...
Feb  2 17:19:53 cu-cs-vm systemd[1]: Starting Light Display Manager...
Feb  2 17:19:53 cu-cs-vm systemd[1]: Started OpenBSD Secure Shell server.
Feb  2 17:19:53 cu-cs-vm systemd[1]: Started Network Manager Script Dispatcher Service.
Feb  2 17:19:53 cu-cs-vm polkitd[1044]: started daemon version 0.105 using authority implementation `local' version `0.105'
Feb  2 17:19:53 cu-cs-vm dbus[836]: [system] Successfully activated service 'org.freedesktop.PolicyKit1'
Feb  2 17:19:53 cu-cs-vm accounts-daemon[914]: started daemon version 0.6.40
Feb  2 17:19:53 cu-cs-vm systemd[1]: Started Authenticate and Authorize Users to Run Privileged Tasks.
Feb  2 17:19:53 cu-cs-vm systemd[1]: Started Accounts Service.
Feb  2 17:19:53 cu-cs-vm systemd[1]: Started LSB: Load kernel image with kexec.
Feb  2 17:19:53 cu-cs-vm systemd[1]: Starting Hostname Service...
Feb  2 17:19:53 cu-cs-vm systemd[1]: Started Modem Manager.
Feb  2 17:19:53 cu-cs-vm systemd[1]: Started Light Display Manager.
Feb  2 17:19:53 cu-cs-vm dbus[836]: [system] Successfully activated service 'org.freedesktop.hostname1'
Feb  2 17:19:53 cu-cs-vm systemd[1]: Started Hostname Service.
Feb  2 17:19:53 cu-cs-vm NetworkManager[925]: <info>  [1486081193.5177] settings: hostname: using hostnamed
Feb  2 17:19:53 cu-cs-vm NetworkManager[925]: <info>  [1486081193.5178] settings: hostname changed from (none) to "cu-cs-vm"
Feb  2 17:19:53 cu-cs-vm nm-dispatcher: req:1 'hostname': new request (1 scripts)
Feb  2 17:19:53 cu-cs-vm nm-dispatcher: req:1 'hostname': start running ordered scripts...
Feb  2 17:19:53 cu-cs-vm NetworkManager[925]: <info>  [1486081193.5267] Using DHCP client 'dhclient'
Feb  2 17:19:53 cu-cs-vm NetworkManager[925]: <info>  [1486081193.5274] manager: WiFi enabled by radio killswitch; enabled by state file
Feb  2 17:19:53 cu-cs-vm NetworkManager[925]: <info>  [1486081193.5278] manager: WWAN enabled by radio killswitch; enabled by state file
Feb  2 17:19:53 cu-cs-vm NetworkManager[925]: <info>  [1486081193.5279] manager: Networking is enabled by state file
Feb  2 17:19:53 cu-cs-vm NetworkManager[925]: <info>  [1486081193.5281] Loaded device plugin: NMVxlanFactory (internal)
Feb  2 17:19:53 cu-cs-vm NetworkManager[925]: <info>  [1486081193.5282] Loaded device plugin: NMVlanFactory (internal)
Feb  2 17:19:53 cu-cs-vm NetworkManager[925]: <info>  [1486081193.5282] Loaded device plugin: NMVethFactory (internal)
Feb  2 17:19:53 cu-cs-vm NetworkManager[925]: <info>  [1486081193.5283] Loaded device plugin: NMTunFactory (internal)
Feb  2 17:19:53 cu-cs-vm NetworkManager[925]: <info>  [1486081193.5283] Loaded device plugin: NMMacvlanFactory (internal)
Feb  2 17:19:53 cu-cs-vm NetworkManager[925]: <info>  [1486081193.5284] Loaded device plugin: NMIPTunnelFactory (internal)
Feb  2 17:19:53 cu-cs-vm NetworkManager[925]: <info>  [1486081193.5284] Loaded device plugin: NMInfinibandFactory (internal)
Feb  2 17:19:53 cu-cs-vm NetworkManager[925]: <info>  [1486081193.5284] Loaded device plugin: NMEthernetFactory (internal)
Feb  2 17:19:53 cu-cs-vm NetworkManager[925]: <info>  [1486081193.5285] Loaded device plugin: NMBridgeFactory (internal)
Feb  2 17:19:53 cu-cs-vm NetworkManager[925]: <info>  [1486081193.5286] Loaded device plugin: NMBondFactory (internal)
Feb  2 17:19:53 cu-cs-vm NetworkManager[925]: <info>  [1486081193.5445] Loaded device plugin: NMWwanFactory (/usr/lib/x86_64-linux-gnu/NetworkManager/libnm-device-plugin-wwan.so)
Feb  2 17:19:53 cu-cs-vm NetworkManager[925]: <info>  [1486081193.5537] Loaded device plugin: NMAtmManager (/usr/lib/x86_64-linux-gnu/NetworkManager/libnm-device-plugin-adsl.so)
Feb  2 17:19:53 cu-cs-vm NetworkManager[925]: <info>  [1486081193.5598] Loaded device plugin: NMWifiFactory (/usr/lib/x86_64-linux-gnu/NetworkManager/libnm-device-plugin-wifi.so)
Feb  2 17:19:53 cu-cs-vm NetworkManager[925]: <info>  [1486081193.5677] Loaded device plugin: NMBluezManager (/usr/lib/x86_64-linux-gnu/NetworkManager/libnm-device-plugin-bluetooth.so)
Feb  2 17:19:53 cu-cs-vm NetworkManager[925]: <info>  [1486081193.5695] manager: (enp0s3): new Ethernet device (/org/freedesktop/NetworkManager/Devices/0)
Feb  2 17:19:53 cu-cs-vm NetworkManager[925]: <info>  [1486081193.5712] keyfile: add connection in-memory (d300ac50-afa4-3866-98d7-72874414f77e,"Wired connection 1")
Feb  2 17:19:53 cu-cs-vm NetworkManager[925]: <info>  [1486081193.5725] settings: (enp0s3): created default wired connection 'Wired connection 1'
Feb  2 17:19:53 cu-cs-vm NetworkManager[925]: <info>  [1486081193.5810] device (enp0s3): state change: unmanaged -> unavailable (reason 'managed') [10 20 2]
Feb  2 17:19:53 cu-cs-vm vboxadd.sh: .
Feb  2 17:19:53 cu-cs-vm systemd[1]: Started vboxadd.service.
Feb  2 17:19:53 cu-cs-vm kernel: [    7.395118] IPv6: ADDRCONF(NETDEV_UP): enp0s3: link is not ready
Feb  2 17:19:53 cu-cs-vm kernel: [    7.397037] IPv6: ADDRCONF(NETDEV_UP): enp0s3: link is not ready
Feb  2 17:19:53 cu-cs-vm NetworkManager[925]: nm_device_get_device_type: assertion 'NM_IS_DEVICE (self)' failed
Feb  2 17:19:53 cu-cs-vm NetworkManager[925]: <info>  [1486081193.5914] device (lo): link connected
Feb  2 17:19:53 cu-cs-vm kernel: [    7.406301] e1000: enp0s3 NIC Link is Up 1000 Mbps Full Duplex, Flow Control: RX
Feb  2 17:19:53 cu-cs-vm kernel: [    7.406749] IPv6: ADDRCONF(NETDEV_CHANGE): enp0s3: link becomes ready
Feb  2 17:19:53 cu-cs-vm NetworkManager[925]: <info>  [1486081193.6038] manager: (lo): new Generic device (/org/freedesktop/NetworkManager/Devices/1)
Feb  2 17:19:53 cu-cs-vm NetworkManager[925]: <info>  [1486081193.6092] urfkill disappeared from the bus
Feb  2 17:19:53 cu-cs-vm vboxadd-service[1079]: vboxadd-service.sh: Starting VirtualBox Guest Addition service.
Feb  2 17:19:53 cu-cs-vm NetworkManager[925]: <info>  [1486081193.6132] device (enp0s3): link connected
Feb  2 17:19:53 cu-cs-vm NetworkManager[925]: <info>  [1486081193.6181] device (enp0s3): state change: unavailable -> disconnected (reason 'carrier-changed') [20 30 40]
Feb  2 17:19:53 cu-cs-vm systemd[1]: Starting vboxadd-service.service...
Feb  2 17:19:53 cu-cs-vm NetworkManager[925]: <info>  [1486081193.6238] policy: auto-activating connection 'Wired connection 1'
Feb  2 17:19:53 cu-cs-vm NetworkManager[925]: <info>  [1486081193.6251] device (enp0s3): Activation: starting connection 'Wired connection 1' (d300ac50-afa4-3866-98d7-72874414f77e)
Feb  2 17:19:53 cu-cs-vm NetworkManager[925]: <info>  [1486081193.6255] device (enp0s3): state change: disconnected -> prepare (reason 'none') [30 40 0]
Feb  2 17:19:53 cu-cs-vm NetworkManager[925]: <info>  [1486081193.6258] manager: NetworkManager state is now CONNECTING
Feb  2 17:19:53 cu-cs-vm NetworkManager[925]: <info>  [1486081193.6263] device (enp0s3): state change: prepare -> config (reason 'none') [40 50 0]
Feb  2 17:19:53 cu-cs-vm NetworkManager[925]: <info>  [1486081193.6274] device (enp0s3): state change: config -> ip-config (reason 'none') [50 70 0]
Feb  2 17:19:53 cu-cs-vm NetworkManager[925]: <info>  [1486081193.6297] dhcp4 (enp0s3): activation: beginning transaction (timeout in 45 seconds)
Feb  2 17:19:53 cu-cs-vm vboxadd-service.sh: Starting VirtualBox Guest Addition service.
Feb  2 17:19:53 cu-cs-vm whoopsie[761]: [17:19:53] offline
Feb  2 17:19:53 cu-cs-vm NetworkManager[925]: <info>  [1486081193.6538] dhcp4 (enp0s3): dhclient started with pid 1084
Feb  2 17:19:53 cu-cs-vm NetworkManager[925]: <info>  [1486081193.6631] ofono is now available
Feb  2 17:19:53 cu-cs-vm NetworkManager[925]: <info>  [1486081193.6729] ModemManager available in the bus
Feb  2 17:19:53 cu-cs-vm NetworkManager[925]: <warn>  [1486081193.6783] failed to enumerate oFono devices: GDBus.Error:org.freedesktop.DBus.Error.ServiceUnknown: The name org.ofono was not provided by any .service files
Feb  2 17:19:53 cu-cs-vm kernel: [    7.498437] VBoxService 5.1.12 r112440 (verbosity: 0) linux.amd64 (Dec 20 2016 16:42:39) release log
Feb  2 17:19:53 cu-cs-vm kernel: [    7.498437] 00:00:00.000076 main     Log opened 2017-02-03T00:19:53.691933000Z
Feb  2 17:19:53 cu-cs-vm kernel: [    7.498501] 00:00:00.000201 main     OS Product: Linux
Feb  2 17:19:53 cu-cs-vm kernel: [    7.498524] 00:00:00.000230 main     OS Release: 4.4.35mkkernel
Feb  2 17:19:53 cu-cs-vm kernel: [    7.498545] 00:00:00.000251 main     OS Version: #3 SMP Thu Feb 2 14:24:52 MST 2017
Feb  2 17:19:53 cu-cs-vm kernel: [    7.498572] 00:00:00.000272 main     Executable: /opt/VBoxGuestAdditions-5.1.12/sbin/VBoxService
Feb  2 17:19:53 cu-cs-vm kernel: [    7.498572] 00:00:00.000273 main     Process ID: 1087
Feb  2 17:19:53 cu-cs-vm kernel: [    7.498572] 00:00:00.000273 main     Package type: LINUX_64BITS_GENERIC
Feb  2 17:19:53 cu-cs-vm vboxadd-service.sh: VirtualBox Guest Addition service started.
Feb  2 17:19:53 cu-cs-vm kernel: [    7.527139] 00:00:00.028728 main     5.1.12 r112440 started. Verbose level = 0
Feb  2 17:19:53 cu-cs-vm systemd[1]: Started vboxadd-service.service.
Feb  2 17:19:53 cu-cs-vm dhclient[1084]: DHCPREQUEST of 10.0.2.15 on enp0s3 to 255.255.255.255 port 67 (xid=0x91a359d)
Feb  2 17:19:53 cu-cs-vm dhclient[1084]: DHCPACK of 10.0.2.15 from 10.0.2.2
Feb  2 17:19:53 cu-cs-vm NetworkManager[925]: <info>  [1486081193.7970]   address 10.0.2.15
Feb  2 17:19:53 cu-cs-vm NetworkManager[925]: <info>  [1486081193.7976]   plen 24 (255.255.255.0)
Feb  2 17:19:53 cu-cs-vm NetworkManager[925]: <info>  [1486081193.7980]   gateway 10.0.2.2
Feb  2 17:19:53 cu-cs-vm NetworkManager[925]: <info>  [1486081193.7984]   server identifier 10.0.2.2
Feb  2 17:19:53 cu-cs-vm NetworkManager[925]: <info>  [1486081193.7989]   lease time 86400
Feb  2 17:19:53 cu-cs-vm NetworkManager[925]: <info>  [1486081193.7995]   nameserver '75.75.75.75'
Feb  2 17:19:53 cu-cs-vm NetworkManager[925]: <info>  [1486081193.8003]   nameserver '75.75.76.76'
Feb  2 17:19:53 cu-cs-vm NetworkManager[925]: <info>  [1486081193.8010]   domain name 'hsd1.co.comcast.net'
Feb  2 17:19:53 cu-cs-vm NetworkManager[925]: <info>  [1486081193.8017] dhcp4 (enp0s3): state changed unknown -> bound
Feb  2 17:19:53 cu-cs-vm avahi-daemon[752]: Joining mDNS multicast group on interface enp0s3.IPv4 with address 10.0.2.15.
Feb  2 17:19:53 cu-cs-vm avahi-daemon[752]: New relevant interface enp0s3.IPv4 for mDNS.
Feb  2 17:19:53 cu-cs-vm avahi-daemon[752]: Registering new address record for 10.0.2.15 on enp0s3.IPv4.
Feb  2 17:19:53 cu-cs-vm NetworkManager[925]: <info>  [1486081193.8076] device (enp0s3): state change: ip-config -> ip-check (reason 'none') [70 80 0]
Feb  2 17:19:53 cu-cs-vm NetworkManager[925]: <info>  [1486081193.8271] device (enp0s3): state change: ip-check -> secondaries (reason 'none') [80 90 0]
Feb  2 17:19:53 cu-cs-vm NetworkManager[925]: <info>  [1486081193.8278] device (enp0s3): state change: secondaries -> activated (reason 'none') [90 100 0]
Feb  2 17:19:53 cu-cs-vm NetworkManager[925]: <info>  [1486081193.8280] manager: NetworkManager state is now CONNECTED_LOCAL
Feb  2 17:19:53 cu-cs-vm NetworkManager[925]: <info>  [1486081193.8343] manager: NetworkManager state is now CONNECTED_GLOBAL
Feb  2 17:19:53 cu-cs-vm dhclient[1084]: bound to 10.0.2.15 -- renewal in 40781 seconds.
Feb  2 17:19:53 cu-cs-vm NetworkManager[925]: <info>  [1486081193.8370] policy: set 'Wired connection 1' (enp0s3) as default for IPv4 routing and DNS
Feb  2 17:19:53 cu-cs-vm NetworkManager[925]: <info>  [1486081193.8396] dns-plugin[0x1c3e1c0]: starting dnsmasq...
Feb  2 17:19:53 cu-cs-vm NetworkManager[925]: <info>  [1486081193.8609] dns-mgr: Writing DNS information to /sbin/resolvconf
Feb  2 17:19:53 cu-cs-vm whoopsie[761]: [17:19:53] Cannot reach: https://daisy.ubuntu.com
Feb  2 17:19:53 cu-cs-vm dnsmasq[1113]: started, version 2.75 cache disabled
Feb  2 17:19:53 cu-cs-vm dnsmasq[1113]: compile time options: IPv6 GNU-getopt DBus i18n IDN DHCP DHCPv6 no-Lua TFTP conntrack ipset auth DNSSEC loop-detect inotify
Feb  2 17:19:53 cu-cs-vm dnsmasq[1113]: DBus support enabled: connected to system bus
Feb  2 17:19:53 cu-cs-vm dnsmasq[1113]: warning: no upstream servers configured
Feb  2 17:19:54 cu-cs-vm NetworkManager[925]: <info>  [1486081194.1443] device (enp0s3): Activation: successful, device activated.
Feb  2 17:19:54 cu-cs-vm nm-dispatcher: req:2 'up' [enp0s3]: new request (1 scripts)
Feb  2 17:19:54 cu-cs-vm nm-dispatcher: req:2 'up' [enp0s3]: start running ordered scripts...
Feb  2 17:19:54 cu-cs-vm whoopsie[761]: [17:19:54] The default IPv4 route is: /org/freedesktop/NetworkManager/ActiveConnection/0
Feb  2 17:19:54 cu-cs-vm NetworkManager[925]: <info>  [1486081194.1563] dnsmasq[0x1c3e1c0]: dnsmasq appeared as :1.22
Feb  2 17:19:54 cu-cs-vm whoopsie[761]: [17:19:54] Not a paid data plan: /org/freedesktop/NetworkManager/ActiveConnection/0
Feb  2 17:19:54 cu-cs-vm whoopsie[761]: [17:19:54] Found usable connection: /org/freedesktop/NetworkManager/ActiveConnection/0
Feb  2 17:19:54 cu-cs-vm dnsmasq[1113]: setting upstream servers from DBus
Feb  2 17:19:54 cu-cs-vm dnsmasq[1113]: using nameserver 75.75.75.75#53
Feb  2 17:19:54 cu-cs-vm dnsmasq[1113]: using nameserver 75.75.76.76#53
Feb  2 17:19:54 cu-cs-vm whoopsie[761]: [17:19:54] online
Feb  2 17:19:54 cu-cs-vm systemd[1]: Reloading OpenBSD Secure Shell server.
Feb  2 17:19:54 cu-cs-vm systemd[1]: Reloaded OpenBSD Secure Shell server.
Feb  2 17:19:54 cu-cs-vm systemd[1]: Created slice User Slice of user.
Feb  2 17:19:54 cu-cs-vm systemd[1]: Starting User Manager for UID 1000...
Feb  2 17:19:54 cu-cs-vm systemd[1]: Started Session c1 of user user.
Feb  2 17:19:54 cu-cs-vm systemd[1253]: Reached target Paths.
Feb  2 17:19:54 cu-cs-vm systemd[1253]: Reached target Timers.
Feb  2 17:19:54 cu-cs-vm systemd[1253]: Reached target Sockets.
Feb  2 17:19:54 cu-cs-vm systemd[1253]: Reached target Basic System.
Feb  2 17:19:54 cu-cs-vm systemd[1253]: Reached target Default.
Feb  2 17:19:54 cu-cs-vm systemd[1253]: Startup finished in 15ms.
Feb  2 17:19:54 cu-cs-vm systemd[1]: Started User Manager for UID 1000.
Feb  2 17:19:54 cu-cs-vm systemd[1]: Reloading OpenBSD Secure Shell server.
Feb  2 17:19:54 cu-cs-vm systemd[1]: Reloaded OpenBSD Secure Shell server.
Feb  2 17:19:54 cu-cs-vm avahi-daemon[752]: Joining mDNS multicast group on interface enp0s3.IPv6 with address fe80::429b:bca0:8e50:2961.
Feb  2 17:19:54 cu-cs-vm avahi-daemon[752]: New relevant interface enp0s3.IPv6 for mDNS.
Feb  2 17:19:54 cu-cs-vm avahi-daemon[752]: Registering new address record for fe80::429b:bca0:8e50:2961 on enp0s3.*.
Feb  2 17:19:55 cu-cs-vm ModemManager[827]: <info>  Couldn't find support for device at '/sys/devices/pci0000:00/0000:00:03.0': not supported by any plugin
Feb  2 17:19:56 cu-cs-vm dbus[836]: [system] Activating via systemd: service name='org.freedesktop.UPower' unit='upower.service'
Feb  2 17:19:56 cu-cs-vm systemd[1]: Starting Daemon for power management...
Feb  2 17:19:56 cu-cs-vm dbus[836]: [system] Successfully activated service 'org.freedesktop.UPower'
Feb  2 17:19:56 cu-cs-vm systemd[1]: Started Daemon for power management.
Feb  2 17:19:56 cu-cs-vm kernel: [   10.382082] random: nonblocking pool is initialized
Feb  2 17:19:56 cu-cs-vm dbus[836]: [system] Activating via systemd: service name='org.freedesktop.RealtimeKit1' unit='rtkit-daemon.service'
Feb  2 17:19:56 cu-cs-vm systemd[1]: Starting RealtimeKit Scheduling Policy Service...
Feb  2 17:19:56 cu-cs-vm dbus[836]: [system] Successfully activated service 'org.freedesktop.RealtimeKit1'
Feb  2 17:19:56 cu-cs-vm systemd[1]: Started RealtimeKit Scheduling Policy Service.
Feb  2 17:19:56 cu-cs-vm rtkit-daemon[1761]: Successfully called chroot.
Feb  2 17:19:56 cu-cs-vm rtkit-daemon[1761]: Successfully dropped privileges.
Feb  2 17:19:56 cu-cs-vm rtkit-daemon[1761]: Successfully limited resources.
Feb  2 17:19:56 cu-cs-vm rtkit-daemon[1761]: Running.
Feb  2 17:19:56 cu-cs-vm rtkit-daemon[1761]: Watchdog thread running.
Feb  2 17:19:56 cu-cs-vm rtkit-daemon[1761]: Canary thread running.
Feb  2 17:19:56 cu-cs-vm rtkit-daemon[1761]: Successfully made thread 1760 of process 1760 (n/a) owned by '1000' high priority at nice level -11.
Feb  2 17:19:56 cu-cs-vm rtkit-daemon[1761]: Supervising 1 threads of 1 processes of 1 users.
Feb  2 17:19:56 cu-cs-vm pulseaudio[1760]: [pulseaudio] alsa-util.c: Disabling timer-based scheduling because running inside a VM.
Feb  2 17:19:56 cu-cs-vm org.a11y.Bus[1422]: ** (process:1789): WARNING **: Failed to register client: GDBus.Error:org.freedesktop.DBus.Error.ServiceUnknown: The name org.gnome.SessionManager was not provided by any .service files
Feb  2 17:19:56 cu-cs-vm pulseaudio[1760]: [pulseaudio] sink.c: Default and alternate sample rates are the same.
Feb  2 17:19:56 cu-cs-vm rtkit-daemon[1761]: Supervising 1 threads of 1 processes of 1 users.
Feb  2 17:19:56 cu-cs-vm rtkit-daemon[1761]: Successfully made thread 1802 of process 1760 (n/a) owned by '1000' RT at priority 5.
Feb  2 17:19:56 cu-cs-vm rtkit-daemon[1761]: Supervising 2 threads of 1 processes of 1 users.
Feb  2 17:19:56 cu-cs-vm pulseaudio[1760]: [pulseaudio] alsa-util.c: Disabling timer-based scheduling because running inside a VM.
Feb  2 17:19:56 cu-cs-vm org.a11y.Bus[1422]: Activating service name='org.a11y.atspi.Registry'
Feb  2 17:19:56 cu-cs-vm rtkit-daemon[1761]: Supervising 2 threads of 1 processes of 1 users.
Feb  2 17:19:56 cu-cs-vm rtkit-daemon[1761]: Successfully made thread 1805 of process 1760 (n/a) owned by '1000' RT at priority 5.
Feb  2 17:19:56 cu-cs-vm rtkit-daemon[1761]: Supervising 3 threads of 1 processes of 1 users.
Feb  2 17:19:57 cu-cs-vm org.a11y.Bus[1422]: Successfully activated service 'org.a11y.atspi.Registry'
Feb  2 17:19:57 cu-cs-vm org.a11y.atspi.Registry[1799]: SpiRegistry daemon is running with well-known name - org.a11y.atspi.Registry
Feb  2 17:19:57 cu-cs-vm rtkit-daemon[1761]: Successfully made thread 1835 of process 1835 (n/a) owned by '1000' high priority at nice level -11.
Feb  2 17:19:57 cu-cs-vm rtkit-daemon[1761]: Supervising 4 threads of 2 processes of 1 users.
Feb  2 17:19:57 cu-cs-vm pulseaudio[1835]: [pulseaudio] pid.c: Daemon already running.
Feb  2 17:19:57 cu-cs-vm dbus[836]: [system] Activating via systemd: service name='org.freedesktop.UDisks2' unit='udisks2.service'
Feb  2 17:19:57 cu-cs-vm systemd[1]: Starting Disk Manager...
Feb  2 17:19:57 cu-cs-vm udisksd[1862]: udisks daemon version 2.1.7 starting
Feb  2 17:19:57 cu-cs-vm dbus[836]: [system] Successfully activated service 'org.freedesktop.UDisks2'
Feb  2 17:19:57 cu-cs-vm systemd[1]: Started Disk Manager.
Feb  2 17:19:57 cu-cs-vm udisksd[1862]: Acquired the name org.freedesktop.UDisks2 on the system message bus
Feb  2 17:19:58 cu-cs-vm NetworkManager[925]: <info>  [1486081198.4433] manager: startup complete
Feb  2 17:19:58 cu-cs-vm systemd[1]: Started Network Manager Wait Online.
Feb  2 17:19:58 cu-cs-vm systemd[1]: Reached target Network is Online.
Feb  2 17:19:58 cu-cs-vm systemd[1]: Starting LSB: disk temperature monitoring daemon...
Feb  2 17:19:58 cu-cs-vm systemd[1]: Starting /etc/rc.local Compatibility...
Feb  2 17:19:58 cu-cs-vm systemd[1]: Started /etc/rc.local Compatibility.
Feb  2 17:19:58 cu-cs-vm systemd[1]: Starting Hold until boot process finishes up...
Feb  2 17:19:58 cu-cs-vm systemd[1]: Started Hold until boot process finishes up.
Feb  2 17:19:58 cu-cs-vm systemd[1]: Started LSB: disk temperature monitoring daemon.
Feb  2 17:19:58 cu-cs-vm org.gtk.vfs.AfcVolumeMonitor[1422]: Volume monitor alive
Feb  2 17:19:58 cu-cs-vm systemd[1]: Started Getty on tty1.
Feb  2 17:19:58 cu-cs-vm systemd[1]: Reached target Login Prompts.
Feb  2 17:19:58 cu-cs-vm systemd[1]: Reached target Multi-User System.
Feb  2 17:19:58 cu-cs-vm systemd[1]: Reached target Graphical Interface.
Feb  2 17:19:58 cu-cs-vm systemd[1]: Starting Update UTMP about System Runlevel Changes...
Feb  2 17:19:58 cu-cs-vm systemd[1]: Starting Set console scheme...
Feb  2 17:19:58 cu-cs-vm systemd[1]: Started Set console scheme.
Feb  2 17:19:58 cu-cs-vm systemd[1]: Started Update UTMP about System Runlevel Changes.
Feb  2 17:19:58 cu-cs-vm systemd[1]: Startup finished in 2.854s (kernel) + 9.270s (userspace) = 12.124s.
Feb  2 17:19:58 cu-cs-vm dbus[836]: [system] Activating via systemd: service name='org.bluez' unit='dbus-org.bluez.service'
Feb  2 17:20:00 cu-cs-vm systemd[1]: Started Daemon for generating UUIDs.
Feb  2 17:20:03 cu-cs-vm NetworkManager[925]: <info>  [1486081203.4470] WiFi hardware radio set enabled
Feb  2 17:20:03 cu-cs-vm NetworkManager[925]: <info>  [1486081203.4470] WWAN hardware radio set enabled
Feb  2 17:20:23 cu-cs-vm obexd[2051]: OBEX daemon 5.37
Feb  2 17:20:24 cu-cs-vm dbus[836]: [system] Activating via systemd: service name='org.bluez' unit='dbus-org.bluez.service'
Feb  2 17:20:24 cu-cs-vm dbus[836]: [system] Activating service name='org.blueman.Mechanism' (using servicehelper)
Feb  2 17:20:24 cu-cs-vm org.blueman.Mechanism[836]: Failed to connect to Mir: Failed to connect to server socket: No such file or directory
Feb  2 17:20:24 cu-cs-vm org.blueman.Mechanism[836]: Unable to init server: Could not connect: Connection refused
Feb  2 17:20:24 cu-cs-vm org.blueman.Mechanism[836]: Failed to connect to Mir: Failed to connect to server socket: No such file or directory
Feb  2 17:20:24 cu-cs-vm org.blueman.Mechanism[836]: Unable to init server: Could not connect: Connection refused
Feb  2 17:20:24 cu-cs-vm blueman-mechanism: Starting blueman-mechanism
Feb  2 17:20:24 cu-cs-vm dbus[836]: [system] Successfully activated service 'org.blueman.Mechanism'
Feb  2 17:20:24 cu-cs-vm org.blueman.Mechanism[836]: (blueman-mechanism:2054): Gtk-CRITICAL **: gtk_icon_theme_get_for_screen: assertion 'GDK_IS_SCREEN (screen)' failed
Feb  2 17:20:24 cu-cs-vm blueman-mechanism: loading Network
Feb  2 17:20:24 cu-cs-vm blueman-mechanism: loading Ppp
